Archive member included to satisfy reference by file (symbol)

C:/MaximSDK/Libraries/PeriphDrivers/bin/MAX32660/softfp/libPeriphDriver_softfp.a(mxc_delay.o)
                              c:/Users/Joseph/Documents/UKDAQ/Unified-Kinematic-DAQ/Dev_board_1/Eclipse/Hello_World/build/startup_max32660.o (SysTick_Handler)
C:/MaximSDK/Libraries/PeriphDrivers/bin/MAX32660/softfp/libPeriphDriver_softfp.a(sys_me11.o)
                              c:/Users/Joseph/Documents/UKDAQ/Unified-Kinematic-DAQ/Dev_board_1/Eclipse/Hello_World/build/system_max32660.o (MXC_SYS_ClockDisable)
C:/MaximSDK/Libraries/PeriphDrivers/bin/MAX32660/softfp/libPeriphDriver_softfp.a(flc_me11.o)
                              C:/MaximSDK/Libraries/PeriphDrivers/bin/MAX32660/softfp/libPeriphDriver_softfp.a(sys_me11.o) (MXC_FLC_UnlockInfoBlock)
C:/MaximSDK/Libraries/PeriphDrivers/bin/MAX32660/softfp/libPeriphDriver_softfp.a(flc_reva.o)
                              C:/MaximSDK/Libraries/PeriphDrivers/bin/MAX32660/softfp/libPeriphDriver_softfp.a(flc_me11.o) (MXC_FLC_RevA_Busy)
C:/MaximSDK/Libraries/PeriphDrivers/bin/MAX32660/softfp/libPeriphDriver_softfp.a(gpio_me11.o)
                              c:/Users/Joseph/Documents/UKDAQ/Unified-Kinematic-DAQ/Dev_board_1/Eclipse/Hello_World/build/pb.o (MXC_GPIO_InGet)
C:/MaximSDK/Libraries/PeriphDrivers/bin/MAX32660/softfp/libPeriphDriver_softfp.a(gpio_reva.o)
                              C:/MaximSDK/Libraries/PeriphDrivers/bin/MAX32660/softfp/libPeriphDriver_softfp.a(gpio_me11.o) (MXC_GPIO_RevA_InGet)
C:/MaximSDK/Libraries/PeriphDrivers/bin/MAX32660/softfp/libPeriphDriver_softfp.a(uart_me11.o)
                              c:/Users/Joseph/Documents/UKDAQ/Unified-Kinematic-DAQ/Dev_board_1/Eclipse/Hello_World/build/board.o (MXC_UART_Shutdown)
C:/MaximSDK/Libraries/PeriphDrivers/bin/MAX32660/softfp/libPeriphDriver_softfp.a(uart_reva.o)
                              C:/MaximSDK/Libraries/PeriphDrivers/bin/MAX32660/softfp/libPeriphDriver_softfp.a(uart_me11.o) (MXC_UART_RevA_Init)
C:/MaximSDK/Libraries/PeriphDrivers/bin/MAX32660/softfp/libPeriphDriver_softfp.a(pins_me11.o)
                              C:/MaximSDK/Libraries/PeriphDrivers/bin/MAX32660/softfp/libPeriphDriver_softfp.a(uart_me11.o) (gpio_cfg_uart1_flow)
C:/MaximSDK/Libraries/PeriphDrivers/bin/MAX32660/softfp/libPeriphDriver_softfp.a(dma_me11.o)
                              C:/MaximSDK/Libraries/PeriphDrivers/bin/MAX32660/softfp/libPeriphDriver_softfp.a(uart_reva.o) (MXC_DMA_Init)
C:/MaximSDK/Libraries/PeriphDrivers/bin/MAX32660/softfp/libPeriphDriver_softfp.a(dma_reva.o)
                              C:/MaximSDK/Libraries/PeriphDrivers/bin/MAX32660/softfp/libPeriphDriver_softfp.a(dma_me11.o) (MXC_DMA_RevA_Init)
C:/MaximSDK/Libraries/PeriphDrivers/bin/MAX32660/softfp/libPeriphDriver_softfp.a(flc_common.o)
                              C:/MaximSDK/Libraries/PeriphDrivers/bin/MAX32660/softfp/libPeriphDriver_softfp.a(flc_me11.o) (MXC_FLC_Com_VerifyData)
C:/MaximSDK/Libraries/PeriphDrivers/bin/MAX32660/softfp/libPeriphDriver_softfp.a(gpio_common.o)
                              C:/MaximSDK/Libraries/PeriphDrivers/bin/MAX32660/softfp/libPeriphDriver_softfp.a(gpio_me11.o) (MXC_GPIO_Common_Init)
C:/MaximSDK/Libraries/PeriphDrivers/bin/MAX32660/softfp/libPeriphDriver_softfp.a(uart_common.o)
                              C:/MaximSDK/Libraries/PeriphDrivers/bin/MAX32660/softfp/libPeriphDriver_softfp.a(uart_me11.o) (MXC_UART_Common_ReadCharacter)
C:/MaximSDK/Libraries/PeriphDrivers/bin/MAX32660/softfp/libPeriphDriver_softfp.a(mxc_lock.o)
                              C:/MaximSDK/Libraries/PeriphDrivers/bin/MAX32660/softfp/libPeriphDriver_softfp.a(dma_reva.o) (MXC_GetLock)
c:/maximsdk/tools/gnutools/10.3/bin/../lib/gcc/arm-none-eabi/10.3.1/../../../../arm-none-eabi/lib/thumb/v7e-m+fp/softfp\libc.a(lib_a-errno.o)
                              c:/Users/Joseph/Documents/UKDAQ/Unified-Kinematic-DAQ/Dev_board_1/Eclipse/Hello_World/build/stdio.o (__errno)
c:/maximsdk/tools/gnutools/10.3/bin/../lib/gcc/arm-none-eabi/10.3.1/../../../../arm-none-eabi/lib/thumb/v7e-m+fp/softfp\libc.a(lib_a-exit.o)
                              c:/maximsdk/tools/gnutools/10.3/bin/../lib/gcc/arm-none-eabi/10.3.1/../../../../arm-none-eabi/lib/thumb/v7e-m+fp/softfp/crt0.o (exit)
c:/maximsdk/tools/gnutools/10.3/bin/../lib/gcc/arm-none-eabi/10.3.1/../../../../arm-none-eabi/lib/thumb/v7e-m+fp/softfp\libc.a(lib_a-impure.o)
                              c:/maximsdk/tools/gnutools/10.3/bin/../lib/gcc/arm-none-eabi/10.3.1/../../../../arm-none-eabi/lib/thumb/v7e-m+fp/softfp\libc.a(lib_a-exit.o) (_global_impure_ptr)
c:/maximsdk/tools/gnutools/10.3/bin/../lib/gcc/arm-none-eabi/10.3.1/../../../../arm-none-eabi/lib/thumb/v7e-m+fp/softfp\libc.a(lib_a-init.o)
                              c:/maximsdk/tools/gnutools/10.3/bin/../lib/gcc/arm-none-eabi/10.3.1/../../../../arm-none-eabi/lib/thumb/v7e-m+fp/softfp/crt0.o (__libc_init_array)
[...]
Memory Configuration

Name             Origin             Length             Attributes
FLASH            0x00000000         0x00040000         xr
SRAM             0x20000000         0x00018000         xrw
*default*        0x00000000         0xffffffff

Linker script and memory map

LOAD c:/maximsdk/tools/gnutools/10.3/bin/../lib/gcc/arm-none-eabi/10.3.1/thumb/v7e-m+fp/softfp/crti.o
LOAD c:/maximsdk/tools/gnutools/10.3/bin/../lib/gcc/arm-none-eabi/10.3.1/thumb/v7e-m+fp/softfp/crtbegin.o
LOAD c:/maximsdk/tools/gnutools/10.3/bin/../lib/gcc/arm-none-eabi/10.3.1/../../../../arm-none-eabi/lib/thumb/v7e-m+fp/softfp/crt0.o
LOAD c:/Users/Joseph/Documents/UKDAQ/Unified-Kinematic-DAQ/Dev_board_1/Eclipse/Hello_World/build/main.o
LOAD c:/Users/Joseph/Documents/UKDAQ/Unified-Kinematic-DAQ/Dev_board_1/Eclipse/Hello_World/build/board.o
LOAD c:/Users/Joseph/Documents/UKDAQ/Unified-Kinematic-DAQ/Dev_board_1/Eclipse/Hello_World/build/stdio.o
LOAD c:/Users/Joseph/Documents/UKDAQ/Unified-Kinematic-DAQ/Dev_board_1/Eclipse/Hello_World/build/led.o
LOAD c:/Users/Joseph/Documents/UKDAQ/Unified-Kinematic-DAQ/Dev_board_1/Eclipse/Hello_World/build/pb.o
LOAD c:/Users/Joseph/Documents/UKDAQ/Unified-Kinematic-DAQ/Dev_board_1/Eclipse/Hello_World/build/startup_max32660.o
LOAD c:/Users/Joseph/Documents/UKDAQ/Unified-Kinematic-DAQ/Dev_board_1/Eclipse/Hello_World/build/heap.o
LOAD c:/Users/Joseph/Documents/UKDAQ/Unified-Kinematic-DAQ/Dev_board_1/Eclipse/Hello_World/build/system_max32660.o
START GROUP
LOAD C:/MaximSDK/Libraries/PeriphDrivers/bin/MAX32660/softfp/libPeriphDriver_softfp.a
LOAD c:/maximsdk/tools/gnutools/10.3/bin/../lib/gcc/arm-none-eabi/10.3.1/../../../../arm-none-eabi/lib/thumb/v7e-m+fp/softfp\libc.a
LOAD c:/maximsdk/tools/gnutools/10.3/bin/../lib/gcc/arm-none-eabi/10.3.1/../../../../arm-none-eabi/lib/thumb/v7e-m+fp/softfp\libm.a
LOAD c:/maximsdk/tools/gnutools/10.3/bin/../lib/gcc/arm-none-eabi/10.3.1/../../../../arm-none-eabi/lib/thumb/v7e-m+fp/softfp\libnosys.a
END GROUP
START GROUP
LOAD c:/maximsdk/tools/gnutools/10.3/bin/../lib/gcc/arm-none-eabi/10.3.1/thumb/v7e-m+fp/softfp\libgcc.a
LOAD c:/maximsdk/tools/gnutools/10.3/bin/../lib/gcc/arm-none-eabi/10.3.1/../../../../arm-none-eabi/lib/thumb/v7e-m+fp/softfp\libc.a
END GROUP
LOAD c:/maximsdk/tools/gnutools/10.3/bin/../lib/gcc/arm-none-eabi/10.3.1/thumb/v7e-m+fp/softfp/crtend.o
LOAD c:/maximsdk/tools/gnutools/10.3/bin/../lib/gcc/arm-none-eabi/10.3.1/thumb/v7e-m+fp/softfp/crtn.o

.text           0x00000000     0x86dc
                0x00000000                _text = .
 *(.isr_vector)
 .isr_vector    0x00000000      0x11c c:/Users/Joseph/Documents/UKDAQ/Unified-Kinematic-DAQ/Dev_board_1/Eclipse/Hello_World/build/startup_max32660.o
                0x00000000                __isr_vector
 *(.text*)
 .text          0x0000011c       0x40 c:/maximsdk/tools/gnutools/10.3/bin/../lib/gcc/arm-none-eabi/10.3.1/thumb/v7e-m+fp/softfp/crtbegin.o
 .text.main     0x0000015c       0x40 c:/Users/Joseph/Documents/UKDAQ/Unified-Kinematic-DAQ/Dev_board_1/Eclipse/Hello_World/build/main.o
                0x0000015c                main
 .text.mxc_assert
                0x0000019c       0x10 c:/Users/Joseph/Documents/UKDAQ/Unified-Kinematic-DAQ/Dev_board_1/Eclipse/Hello_World/build/board.o
                0x0000019c                mxc_assert
 .text.GPIO0_IRQHandler
                0x000001ac        0xa c:/Users/Joseph/Documents/UKDAQ/Unified-Kinematic-DAQ/Dev_board_1/Eclipse/Hello_World/build/board.o
                0x000001ac                GPIO0_IRQHandler
 *fill*         0x000001b6        0x2 
 .text.Console_Init
                0x000001b8       0x18 c:/Users/Joseph/Documents/UKDAQ/Unified-Kinematic-DAQ/Dev_board_1/Eclipse/Hello_World/build/board.o
                0x000001b8                Console_Init
 .text.Board_Init
                0x000001d0       0x34 c:/Users/Joseph/Documents/UKDAQ/Unified-Kinematic-DAQ/Dev_board_1/Eclipse/Hello_World/build/board.o
                0x000001d0                Board_Init
 .text.NMI_Handler
                0x00000204        0x4 c:/Users/Joseph/Documents/UKDAQ/Unified-Kinematic-DAQ/Dev_board_1/Eclipse/Hello_World/build/board.o
                0x00000204                NMI_Handler
 .text._close   0x00000208        0x6 c:/Users/Joseph/Documents/UKDAQ/Unified-Kinematic-DAQ/Dev_board_1/Eclipse/Hello_World/build/stdio.o
                0x00000208                _close
 .text._isatty  0x0000020e        0x6 c:/Users/Joseph/Documents/UKDAQ/Unified-Kinematic-DAQ/Dev_board_1/Eclipse/Hello_World/build/stdio.o
                0x0000020e                _isatty
 .text._lseek   0x00000214        0x6 c:/Users/Joseph/Documents/UKDAQ/Unified-Kinematic-DAQ/Dev_board_1/Eclipse/Hello_World/build/stdio.o
                0x00000214                _lseek
 .text._fstat   0x0000021a        0x6 c:/Users/Joseph/Documents/UKDAQ/Unified-Kinematic-DAQ/Dev_board_1/Eclipse/Hello_World/build/stdio.o
                0x0000021a                _fstat
 .text._read    0x00000220       0x50 c:/Users/Joseph/Documents/UKDAQ/Unified-Kinematic-DAQ/Dev_board_1/Eclipse/Hello_World/build/stdio.o
                0x00000220                _read
 .text._write   0x00000270       0x58 c:/Users/Joseph/Documents/UKDAQ/Unified-Kinematic-DAQ/Dev_board_1/Eclipse/Hello_World/build/stdio.o
                0x00000270                _write
 .text.LED_On   0x000002c8       0x44 c:/Users/Joseph/Documents/UKDAQ/Unified-Kinematic-DAQ/Dev_board_1/Eclipse/Hello_World/build/led.o
                0x000002c8                LED_On
 .text.LED_Off  0x0000030c       0x44 c:/Users/Joseph/Documents/UKDAQ/Unified-Kinematic-DAQ/Dev_board_1/Eclipse/Hello_World/build/led.o
                0x0000030c                LED_Off
 .text.LED_Init
                0x00000350       0x3c c:/Users/Joseph/Documents/UKDAQ/Unified-Kinematic-DAQ/Dev_board_1/Eclipse/Hello_World/build/led.o
                0x00000350                LED_Init
 .text.PB_Init  0x0000038c       0x38 c:/Users/Joseph/Documents/UKDAQ/Unified-Kinematic-DAQ/Dev_board_1/Eclipse/Hello_World/build/pb.o
                0x0000038c                PB_Init
 .text          0x000003c4       0xe4 c:/Users/Joseph/Documents/UKDAQ/Unified-Kinematic-DAQ/Dev_board_1/Eclipse/Hello_World/build/startup_max32660.o
                0x000003c4                Reset_Handler
                0x00000402                HardFault_Handler
                0x00000404                MemManage_Handler
                0x00000406                BusFault_Handler
                0x00000408                UsageFault_Handler
                0x0000040a                SVC_Handler
                0x0000040c                DebugMon_Handler
                0x0000040e                PendSV_Handler
                0x00000410                Default_Handler
                0x00000412                PF_IRQHandler
                0x00000414                WDT0_IRQHandler
                0x00000416                RSV00_IRQHandler
                0x00000418                RTC_IRQHandler
                0x0000041a                RSV1_IRQHandler
                0x0000041c                TMR0_IRQHandler
                0x0000041e                TMR1_IRQHandler
                0x00000420                TMR2_IRQHandler
                0x00000422                RSV02_IRQHandler
                0x00000424                RSV03_IRQHandler
                0x00000426                RSV04_IRQHandler
                0x00000428                RSV05_IRQHandler
                0x0000042a                RSV06_IRQHandler
                0x0000042c                I2C0_IRQHandler
                0x0000042e                UART0_IRQHandler
                0x00000430                UART1_IRQHandler
                0x00000432                SPI0_IRQHandler
                0x00000434                SPI1_IRQHandler
                0x00000436                RSV07_IRQHandler
                0x00000438                RSV08_IRQHandler
                0x0000043a                RSV09_IRQHandler
                0x0000043c                RSV10_IRQHandler
                0x0000043e                RSV11_IRQHandler
                0x00000440                FLC_IRQHandler
                0x00000444                RSV12_IRQHandler
                0x00000446                RSV13_IRQHandler
                0x00000448                RSV14_IRQHandler
                0x0000044a                DMA0_IRQHandler
                0x0000044c                DMA1_IRQHandler
                0x0000044e                DMA2_IRQHandler
                0x00000450                DMA3_IRQHandler
                0x00000452                RSV15_IRQHandler
                0x00000454                RSV16_IRQHandler
                0x00000456                RSV17_IRQHandler
                0x00000458                RSV18_IRQHandler
                0x0000045a                I2C1_IRQHandler
                0x0000045c                RSV19_IRQHandler
                0x0000045e                RSV20_IRQHandler
                0x00000460                RSV21_IRQHandler
                0x00000462                RSV22_IRQHandler
                0x00000464                RSV23_IRQHandler
                0x00000466                RSV24_IRQHandler
                0x00000468                RSV25_IRQHandler
                0x0000046a                RSV26_IRQHandler
                0x0000046c                RSV27_IRQHandler
                0x0000046e                RSV28_IRQHandler
                0x00000470                RSV29_IRQHandler
                0x00000472                RSV30_IRQHandler
                0x00000474                RSV31_IRQHandler
                0x00000476                RSV32_IRQHandler
                0x00000478                RSV33_IRQHandler
                0x0000047a                RSV34_IRQHandler
                0x0000047c                RSV35_IRQHandler
                0x0000047e                GPIOWAKE_IRQHandler
 .text._sbrk    0x000004a8       0x40 c:/Users/Joseph/Documents/UKDAQ/Unified-Kinematic-DAQ/Dev_board_1/Eclipse/Hello_World/build/heap.o
                0x000004a8                _sbrk
 .text.SystemCoreClockUpdate
                0x000004e8       0x64 c:/Users/Joseph/Documents/UKDAQ/Unified-Kinematic-DAQ/Dev_board_1/Eclipse/Hello_World/build/system_max32660.o
                0x000004e8                SystemCoreClockUpdate
 .text.PreInit  0x0000054c        0x4 c:/Users/Joseph/Documents/UKDAQ/Unified-Kinematic-DAQ/Dev_board_1/Eclipse/Hello_World/build/system_max32660.o
                0x0000054c                PreInit
 .text.SystemInit
                0x00000550       0x7c c:/Users/Joseph/Documents/UKDAQ/Unified-Kinematic-DAQ/Dev_board_1/Eclipse/Hello_World/build/system_max32660.o
                0x00000550                SystemInit
 .text.MXC_DelayInit
                0x000005cc       0x84 C:/MaximSDK/Libraries/PeriphDrivers/bin/MAX32660/softfp/libPeriphDriver_softfp.a(mxc_delay.o)
 .text.MXC_DelayAsync
                0x00000650       0x44 C:/MaximSDK/Libraries/PeriphDrivers/bin/MAX32660/softfp/libPeriphDriver_softfp.a(mxc_delay.o)
                0x00000650                MXC_DelayAsync
 .text.MXC_DelayAbort
                0x00000694       0x34 C:/MaximSDK/Libraries/PeriphDrivers/bin/MAX32660/softfp/libPeriphDriver_softfp.a(mxc_delay.o)
                0x00000694                MXC_DelayAbort
 .text.MXC_DelayHandler
                0x000006c8       0x40 C:/MaximSDK/Libraries/PeriphDrivers/bin/MAX32660/softfp/libPeriphDriver_softfp.a(mxc_delay.o)
                0x000006c8                MXC_DelayHandler
 .text.SysTick_Handler
                0x00000708        0x8 C:/MaximSDK/Libraries/PeriphDrivers/bin/MAX32660/softfp/libPeriphDriver_softfp.a(mxc_delay.o)
                0x00000708                SysTick_Handler
 .text.MXC_DelayCheck
                0x00000710       0x64 C:/MaximSDK/Libraries/PeriphDrivers/bin/MAX32660/softfp/libPeriphDriver_softfp.a(mxc_delay.o)
                0x00000710                MXC_DelayCheck
 .text.MXC_Delay
                0x00000774       0x58 C:/MaximSDK/Libraries/PeriphDrivers/bin/MAX32660/softfp/libPeriphDriver_softfp.a(mxc_delay.o)
                0x00000774                MXC_Delay
 .text.MXC_SYS_ClockDisable
                0x000007cc       0x2c C:/MaximSDK/Libraries/PeriphDrivers/bin/MAX32660/softfp/libPeriphDriver_softfp.a(sys_me11.o)
                0x000007cc                MXC_SYS_ClockDisable
 .text.MXC_SYS_ClockEnable
                0x000007f8       0x30 C:/MaximSDK/Libraries/PeriphDrivers/bin/MAX32660/softfp/libPeriphDriver_softfp.a(sys_me11.o)
                0x000007f8                MXC_SYS_ClockEnable
 .text.MXC_SYS_Clock_Timeout
                0x00000828       0x30 C:/MaximSDK/Libraries/PeriphDrivers/bin/MAX32660/softfp/libPeriphDriver_softfp.a(sys_me11.o)
                0x00000828                MXC_SYS_Clock_Timeout
 .text.MXC_SYS_Clock_Select
                0x00000858       0xd6 C:/MaximSDK/Libraries/PeriphDrivers/bin/MAX32660/softfp/libPeriphDriver_softfp.a(sys_me11.o)
                0x00000858                MXC_SYS_Clock_Select
 .text.MXC_SYS_Reset_Periph
                0x0000092e       0x38 C:/MaximSDK/Libraries/PeriphDrivers/bin/MAX32660/softfp/libPeriphDriver_softfp.a(sys_me11.o)
                0x0000092e                MXC_SYS_Reset_Periph
 .text.MXC_GPIO_OutSet
                0x00000966        0x8 C:/MaximSDK/Libraries/PeriphDrivers/bin/MAX32660/softfp/libPeriphDriver_softfp.a(gpio_me11.o)
                0x00000966                MXC_GPIO_OutSet
 .text.MXC_GPIO_OutClr
                0x0000096e        0x8 C:/MaximSDK/Libraries/PeriphDrivers/bin/MAX32660/softfp/libPeriphDriver_softfp.a(gpio_me11.o)
                0x0000096e                MXC_GPIO_OutClr
 .text.MXC_GPIO_Handler
                0x00000976        0x8 C:/MaximSDK/Libraries/PeriphDrivers/bin/MAX32660/softfp/libPeriphDriver_softfp.a(gpio_me11.o)
                0x00000976                MXC_GPIO_Handler
 .text.MXC_GPIO_ClearFlags
                0x0000097e        0x8 C:/MaximSDK/Libraries/PeriphDrivers/bin/MAX32660/softfp/libPeriphDriver_softfp.a(gpio_me11.o)
                0x0000097e                MXC_GPIO_ClearFlags
 .text.MXC_GPIO_GetFlags
                0x00000986        0x8 C:/MaximSDK/Libraries/PeriphDrivers/bin/MAX32660/softfp/libPeriphDriver_softfp.a(gpio_me11.o)
                0x00000986                MXC_GPIO_GetFlags
 .text.MXC_GPIO_SetVSSEL
                0x0000098e        0x8 C:/MaximSDK/Libraries/PeriphDrivers/bin/MAX32660/softfp/libPeriphDriver_softfp.a(gpio_me11.o)
                0x0000098e                MXC_GPIO_SetVSSEL
 .text.MXC_GPIO_Config
                0x00000996       0xaa C:/MaximSDK/Libraries/PeriphDrivers/bin/MAX32660/softfp/libPeriphDriver_softfp.a(gpio_me11.o)
                0x00000996                MXC_GPIO_Config
 .text.MXC_GPIO_RevA_OutSet
                0x00000a40        0x4 C:/MaximSDK/Libraries/PeriphDrivers/bin/MAX32660/softfp/libPeriphDriver_softfp.a(gpio_reva.o)
                0x00000a40                MXC_GPIO_RevA_OutSet
 .text.MXC_GPIO_RevA_OutClr
                0x00000a44        0x4 C:/MaximSDK/Libraries/PeriphDrivers/bin/MAX32660/softfp/libPeriphDriver_softfp.a(gpio_reva.o)
                0x00000a44                MXC_GPIO_RevA_OutClr
 .text.MXC_GPIO_RevA_ClearFlags
                0x00000a48        0x4 C:/MaximSDK/Libraries/PeriphDrivers/bin/MAX32660/softfp/libPeriphDriver_softfp.a(gpio_reva.o)
                0x00000a48                MXC_GPIO_RevA_ClearFlags
 .text.MXC_GPIO_RevA_GetFlags
                0x00000a4c        0x4 C:/MaximSDK/Libraries/PeriphDrivers/bin/MAX32660/softfp/libPeriphDriver_softfp.a(gpio_reva.o)
                0x00000a4c                MXC_GPIO_RevA_GetFlags
 .text.MXC_GPIO_RevA_SetVSSEL
                0x00000a50       0x2a C:/MaximSDK/Libraries/PeriphDrivers/bin/MAX32660/softfp/libPeriphDriver_softfp.a(gpio_reva.o)
                0x00000a50                MXC_GPIO_RevA_SetVSSEL
 *fill*         0x00000a7a        0x2 
 .text.MXC_UART_Shutdown
                0x00000a7c       0x3c C:/MaximSDK/Libraries/PeriphDrivers/bin/MAX32660/softfp/libPeriphDriver_softfp.a(uart_me11.o)
                0x00000a7c                MXC_UART_Shutdown
 .text.MXC_UART_Init
                0x00000ab8       0x78 C:/MaximSDK/Libraries/PeriphDrivers/bin/MAX32660/softfp/libPeriphDriver_softfp.a(uart_me11.o)
                0x00000ab8                MXC_UART_Init
 .text.MXC_UART_SetFrequency
                0x00000b30        0x8 C:/MaximSDK/Libraries/PeriphDrivers/bin/MAX32660/softfp/libPeriphDriver_softfp.a(uart_me11.o)
                0x00000b30                MXC_UART_SetFrequency
 .text.MXC_UART_GetFrequency
                0x00000b38        0x8 C:/MaximSDK/Libraries/PeriphDrivers/bin/MAX32660/softfp/libPeriphDriver_softfp.a(uart_me11.o)
                0x00000b38                MXC_UART_GetFrequency
 .text.MXC_UART_SetDataSize
                0x00000b40        0x8 C:/MaximSDK/Libraries/PeriphDrivers/bin/MAX32660/softfp/libPeriphDriver_softfp.a(uart_me11.o)
                0x00000b40                MXC_UART_SetDataSize
 .text.MXC_UART_SetStopBits
                0x00000b48        0x8 C:/MaximSDK/Libraries/PeriphDrivers/bin/MAX32660/softfp/libPeriphDriver_softfp.a(uart_me11.o)
                0x00000b48                MXC_UART_SetStopBits
 .text.MXC_UART_SetParity
                0x00000b50        0x8 C:/MaximSDK/Libraries/PeriphDrivers/bin/MAX32660/softfp/libPeriphDriver_softfp.a(uart_me11.o)
                0x00000b50                MXC_UART_SetParity
 .text.MXC_UART_ReadCharacterRaw
                0x00000b58        0x8 C:/MaximSDK/Libraries/PeriphDrivers/bin/MAX32660/softfp/libPeriphDriver_softfp.a(uart_me11.o)
                0x00000b58                MXC_UART_ReadCharacterRaw
 .text.MXC_UART_WriteCharacterRaw
                0x00000b60        0x8 C:/MaximSDK/Libraries/PeriphDrivers/bin/MAX32660/softfp/libPeriphDriver_softfp.a(uart_me11.o)
                0x00000b60                MXC_UART_WriteCharacterRaw
 .text.MXC_UART_ReadCharacter
                0x00000b68        0x8 C:/MaximSDK/Libraries/PeriphDrivers/bin/MAX32660/softfp/libPeriphDriver_softfp.a(uart_me11.o)
                0x00000b68                MXC_UART_ReadCharacter
 .text.MXC_UART_WriteCharacter
                0x00000b70        0x8 C:/MaximSDK/Libraries/PeriphDrivers/bin/MAX32660/softfp/libPeriphDriver_softfp.a(uart_me11.o)
                0x00000b70                MXC_UART_WriteCharacter
 .text.MXC_UART_GetRXFIFOAvailable
                0x00000b78        0x8 C:/MaximSDK/Libraries/PeriphDrivers/bin/MAX32660/softfp/libPeriphDriver_softfp.a(uart_me11.o)
                0x00000b78                MXC_UART_GetRXFIFOAvailable
 .text.MXC_UART_GetTXFIFOAvailable
                0x00000b80        0x8 C:/MaximSDK/Libraries/PeriphDrivers/bin/MAX32660/softfp/libPeriphDriver_softfp.a(uart_me11.o)
                0x00000b80                MXC_UART_GetTXFIFOAvailable
 .text.MXC_UART_SetRXThreshold
                0x00000b88        0x8 C:/MaximSDK/Libraries/PeriphDrivers/bin/MAX32660/softfp/libPeriphDriver_softfp.a(uart_me11.o)
                0x00000b88                MXC_UART_SetRXThreshold
 .text.MXC_UART_SetTXThreshold
                0x00000b90        0x8 C:/MaximSDK/Libraries/PeriphDrivers/bin/MAX32660/softfp/libPeriphDriver_softfp.a(uart_me11.o)
                0x00000b90                MXC_UART_SetTXThreshold
 .text.MXC_UART_RevA_Init
                0x00000b98       0x5e C:/MaximSDK/Libraries/PeriphDrivers/bin/MAX32660/softfp/libPeriphDriver_softfp.a(uart_reva.o)
                0x00000b98                MXC_UART_RevA_Init
 *fill*         0x00000bf6        0x2 
 .text.MXC_UART_RevA_SetFrequency
                0x00000bf8      0x11c C:/MaximSDK/Libraries/PeriphDrivers/bin/MAX32660/softfp/libPeriphDriver_softfp.a(uart_reva.o)
                0x00000bf8                MXC_UART_RevA_SetFrequency
 .text.MXC_UART_RevA_GetFrequency
                0x00000d14       0xb4 C:/MaximSDK/Libraries/PeriphDrivers/bin/MAX32660/softfp/libPeriphDriver_softfp.a(uart_reva.o)
                0x00000d14                MXC_UART_RevA_GetFrequency
 .text.MXC_UART_RevA_SetDataSize
                0x00000dc8       0x38 C:/MaximSDK/Libraries/PeriphDrivers/bin/MAX32660/softfp/libPeriphDriver_softfp.a(uart_reva.o)
                0x00000dc8                MXC_UART_RevA_SetDataSize
 .text.MXC_UART_RevA_SetStopBits
                0x00000e00       0x3c C:/MaximSDK/Libraries/PeriphDrivers/bin/MAX32660/softfp/libPeriphDriver_softfp.a(uart_reva.o)
                0x00000e00                MXC_UART_RevA_SetStopBits
 .text.MXC_UART_RevA_SetParity
                0x00000e3c      0x134 C:/MaximSDK/Libraries/PeriphDrivers/bin/MAX32660/softfp/libPeriphDriver_softfp.a(uart_reva.o)
                0x00000e3c                MXC_UART_RevA_SetParity
 .text.MXC_UART_RevA_ReadCharacterRaw
                0x00000f70       0x2c C:/MaximSDK/Libraries/PeriphDrivers/bin/MAX32660/softfp/libPeriphDriver_softfp.a(uart_reva.o)
                0x00000f70                MXC_UART_RevA_ReadCharacterRaw
 .text.MXC_UART_RevA_WriteCharacterRaw
                0x00000f9c       0x2c C:/MaximSDK/Libraries/PeriphDrivers/bin/MAX32660/softfp/libPeriphDriver_softfp.a(uart_reva.o)
                0x00000f9c                MXC_UART_RevA_WriteCharacterRaw
 .text.MXC_UART_RevA_GetRXFIFOAvailable
                0x00000fc8        0x8 C:/MaximSDK/Libraries/PeriphDrivers/bin/MAX32660/softfp/libPeriphDriver_softfp.a(uart_reva.o)
                0x00000fc8                MXC_UART_RevA_GetRXFIFOAvailable
 .text.MXC_UART_RevA_GetTXFIFOAvailable
                0x00000fd0        0xc C:/MaximSDK/Libraries/PeriphDrivers/bin/MAX32660/softfp/libPeriphDriver_softfp.a(uart_reva.o)
                0x00000fd0                MXC_UART_RevA_GetTXFIFOAvailable
 .text.MXC_UART_RevA_SetRXThreshold
                0x00000fdc       0x38 C:/MaximSDK/Libraries/PeriphDrivers/bin/MAX32660/softfp/libPeriphDriver_softfp.a(uart_reva.o)
                0x00000fdc                MXC_UART_RevA_SetRXThreshold
 .text.MXC_UART_RevA_SetTXThreshold
                0x00001014       0x38 C:/MaximSDK/Libraries/PeriphDrivers/bin/MAX32660/softfp/libPeriphDriver_softfp.a(uart_reva.o)
                0x00001014                MXC_UART_RevA_SetTXThreshold
 .text.MXC_GPIO_Common_Handler
                0x0000104c       0x74 C:/MaximSDK/Libraries/PeriphDrivers/bin/MAX32660/softfp/libPeriphDriver_softfp.a(gpio_common.o)
                0x0000104c                MXC_GPIO_Common_Handler
 .text.MXC_UART_Common_ReadCharacter
                0x000010c0       0x16 C:/MaximSDK/Libraries/PeriphDrivers/bin/MAX32660/softfp/libPeriphDriver_softfp.a(uart_common.o)
                0x000010c0                MXC_UART_Common_ReadCharacter
 .text.MXC_UART_Common_WriteCharacter
                0x000010d6       0x1a C:/MaximSDK/Libraries/PeriphDrivers/bin/MAX32660/softfp/libPeriphDriver_softfp.a(uart_common.o)
                0x000010d6                MXC_UART_Common_WriteCharacter
 .text.__errno  0x000010f0        0xc c:/maximsdk/tools/gnutools/10.3/bin/../lib/gcc/arm-none-eabi/10.3.1/../../../../arm-none-eabi/lib/thumb/v7e-m+fp/softfp\libc.a(lib_a-errno.o)
                0x000010f0                __errno
 .text.__libc_init_array
                0x000010fc       0x48 c:/maximsdk/tools/gnutools/10.3/bin/../lib/gcc/arm-none-eabi/10.3.1/../../../../arm-none-eabi/lib/thumb/v7e-m+fp/softfp\libc.a(lib_a-init.o)
                0x000010fc                __libc_init_array
 .text          0x00001144      0x134 c:/maximsdk/tools/gnutools/10.3/bin/../lib/gcc/arm-none-eabi/10.3.1/../../../../arm-none-eabi/lib/thumb/v7e-m+fp/softfp\libc.a(lib_a-memcpy.o)
                0x00001144                memcpy
 .text.memset   0x00001278       0xa4 c:/maximsdk/tools/gnutools/10.3/bin/../lib/gcc/arm-none-eabi/10.3.1/../../../../arm-none-eabi/lib/thumb/v7e-m+fp/softfp\libc.a(lib_a-memset.o)
                0x00001278                memset
 .text.printf   0x0000131c       0x28 c:/maximsdk/tools/gnutools/10.3/bin/../lib/gcc/arm-none-eabi/10.3.1/../../../../arm-none-eabi/lib/thumb/v7e-m+fp/softfp\libc.a(lib_a-printf.o)
                0x0000131c                printf
 .text._puts_r  0x00001344       0x9c c:/maximsdk/tools/gnutools/10.3/bin/../lib/gcc/arm-none-eabi/10.3.1/../../../../arm-none-eabi/lib/thumb/v7e-m+fp/softfp\libc.a(lib_a-puts.o)
                0x00001344                _puts_r
 .text.puts     0x000013e0       0x10 c:/maximsdk/tools/gnutools/10.3/bin/../lib/gcc/arm-none-eabi/10.3.1/../../../../arm-none-eabi/lib/thumb/v7e-m+fp/softfp\libc.a(lib_a-puts.o)
                0x000013e0                puts
 *fill*         0x000013f0       0x10 
 .text          0x00001400       0xdc c:/maximsdk/tools/gnutools/10.3/bin/../lib/gcc/arm-none-eabi/10.3.1/../../../../arm-none-eabi/lib/thumb/v7e-m+fp/softfp\libc.a(lib_a-strlen.o)
                0x00001400                strlen
 *fill*         0x000014dc        0x4 
 .text._vfprintf_r
                0x000014e0     0x1b8c c:/maximsdk/tools/gnutools/10.3/bin/../lib/gcc/arm-none-eabi/10.3.1/../../../../arm-none-eabi/lib/thumb/v7e-m+fp/softfp\libc.a(lib_a-vfprintf.o)
                0x000014e0                _vfprintf_r
 .text.__sbprintf
                0x0000306c       0x80 c:/maximsdk/tools/gnutools/10.3/bin/../lib/gcc/arm-none-eabi/10.3.1/../../../../arm-none-eabi/lib/thumb/v7e-m+fp/softfp\libc.a(lib_a-vfprintf.o)
 .text.__swsetup_r
                0x000030ec       0xd4 c:/maximsdk/tools/gnutools/10.3/bin/../lib/gcc/arm-none-eabi/10.3.1/../../../../arm-none-eabi/lib/thumb/v7e-m+fp/softfp\libc.a(lib_a-wsetup.o)
                0x000030ec                __swsetup_r
 .text.startup.register_fini
                0x000031c0       0x14 c:/maximsdk/tools/gnutools/10.3/bin/../lib/gcc/arm-none-eabi/10.3.1/../../../../arm-none-eabi/lib/thumb/v7e-m+fp/softfp\libc.a(lib_a-__call_atexit.o)
 .text.atexit   0x000031d4        0xc c:/maximsdk/tools/gnutools/10.3/bin/../lib/gcc/arm-none-eabi/10.3.1/../../../../arm-none-eabi/lib/thumb/v7e-m+fp/softfp\libc.a(lib_a-atexit.o)
                0x000031d4                atexit
 .text.quorem   0x000031e0      0x128 c:/maximsdk/tools/gnutools/10.3/bin/../lib/gcc/arm-none-eabi/10.3.1/../../../../arm-none-eabi/lib/thumb/v7e-m+fp/softfp\libc.a(lib_a-dtoa.o)
 .text._dtoa_r  0x00003308      0xf34 c:/maximsdk/tools/gnutools/10.3/bin/../lib/gcc/arm-none-eabi/10.3.1/../../../../arm-none-eabi/lib/thumb/v7e-m+fp/softfp\libc.a(lib_a-dtoa.o)
                0x00003308                _dtoa_r
 .text.__sflush_r
                0x0000423c      0x130 c:/maximsdk/tools/gnutools/10.3/bin/../lib/gcc/arm-none-eabi/10.3.1/../../../../arm-none-eabi/lib/thumb/v7e-m+fp/softfp\libc.a(lib_a-fflush.o)
                0x0000423c                __sflush_r
 .text._fflush_r
                0x0000436c       0x5c c:/maximsdk/tools/gnutools/10.3/bin/../lib/gcc/arm-none-eabi/10.3.1/../../../../arm-none-eabi/lib/thumb/v7e-m+fp/softfp\libc.a(lib_a-fflush.o)
                0x0000436c                _fflush_r
 .text._cleanup_r
                0x000043c8        0xc c:/maximsdk/tools/gnutools/10.3/bin/../lib/gcc/arm-none-eabi/10.3.1/../../../../arm-none-eabi/lib/thumb/v7e-m+fp/softfp\libc.a(lib_a-findfp.o)
                0x000043c8                _cleanup_r
 .text.__sinit  0x000043d4      0x10c c:/maximsdk/tools/gnutools/10.3/bin/../lib/gcc/arm-none-eabi/10.3.1/../../../../arm-none-eabi/lib/thumb/v7e-m+fp/softfp\libc.a(lib_a-findfp.o)
                0x000043d4                __sinit
 .text.__sfp_lock_acquire
                0x000044e0        0xc c:/maximsdk/tools/gnutools/10.3/bin/../lib/gcc/arm-none-eabi/10.3.1/../../../../arm-none-eabi/lib/thumb/v7e-m+fp/softfp\libc.a(lib_a-findfp.o)
                0x000044e0                __sfp_lock_acquire
 .text.__sfp_lock_release
                0x000044ec        0xc c:/maximsdk/tools/gnutools/10.3/bin/../lib/gcc/arm-none-eabi/10.3.1/../../../../arm-none-eabi/lib/thumb/v7e-m+fp/softfp\libc.a(lib_a-findfp.o)
                0x000044ec                __sfp_lock_release
 .text.__libc_fini_array
                0x000044f8       0x2c c:/maximsdk/tools/gnutools/10.3/bin/../lib/gcc/arm-none-eabi/10.3.1/../../../../arm-none-eabi/lib/thumb/v7e-m+fp/softfp\libc.a(lib_a-fini.o)
                0x000044f8                __libc_fini_array
 .text._malloc_trim_r
                0x00004524       0xa0 c:/maximsdk/tools/gnutools/10.3/bin/../lib/gcc/arm-none-eabi/10.3.1/../../../../arm-none-eabi/lib/thumb/v7e-m+fp/softfp\libc.a(lib_a-freer.o)
                0x00004524                _malloc_trim_r
 .text._free_r  0x000045c4      0x20c c:/maximsdk/tools/gnutools/10.3/bin/../lib/gcc/arm-none-eabi/10.3.1/../../../../arm-none-eabi/lib/thumb/v7e-m+fp/softfp\libc.a(lib_a-freer.o)
                0x000045c4                _free_r
 .text.__sfvwrite_r
                0x000047d0      0x2f0 c:/maximsdk/tools/gnutools/10.3/bin/../lib/gcc/arm-none-eabi/10.3.1/../../../../arm-none-eabi/lib/thumb/v7e-m+fp/softfp\libc.a(lib_a-fvwrite.o)
                0x000047d0                __sfvwrite_r
 .text._fwalk_reent
                0x00004ac0       0x48 c:/maximsdk/tools/gnutools/10.3/bin/../lib/gcc/arm-none-eabi/10.3.1/../../../../arm-none-eabi/lib/thumb/v7e-m+fp/softfp\libc.a(lib_a-fwalk.o)
                0x00004ac0                _fwalk_reent
 .text._localeconv_r
                0x00004b08        0x8 c:/maximsdk/tools/gnutools/10.3/bin/../lib/gcc/arm-none-eabi/10.3.1/../../../../arm-none-eabi/lib/thumb/v7e-m+fp/softfp\libc.a(lib_a-localeconv.o)
                0x00004b08                _localeconv_r
 .text.__retarget_lock_init_recursive
                0x00004b10        0x4 c:/maximsdk/tools/gnutools/10.3/bin/../lib/gcc/arm-none-eabi/10.3.1/../../../../arm-none-eabi/lib/thumb/v7e-m+fp/softfp\libc.a(lib_a-lock.o)
                0x00004b10                __retarget_lock_init_recursive
 .text.__retarget_lock_close_recursive
                0x00004b14        0x4 c:/maximsdk/tools/gnutools/10.3/bin/../lib/gcc/arm-none-eabi/10.3.1/../../../../arm-none-eabi/lib/thumb/v7e-m+fp/softfp\libc.a(lib_a-lock.o)
                0x00004b14                __retarget_lock_close_recursive
 .text.__retarget_lock_acquire_recursive
                0x00004b18        0x4 c:/maximsdk/tools/gnutools/10.3/bin/../lib/gcc/arm-none-eabi/10.3.1/../../../../arm-none-eabi/lib/thumb/v7e-m+fp/softfp\libc.a(lib_a-lock.o)
                0x00004b18                __retarget_lock_acquire_recursive
 .text.__retarget_lock_release_recursive
                0x00004b1c        0x4 c:/maximsdk/tools/gnutools/10.3/bin/../lib/gcc/arm-none-eabi/10.3.1/../../../../arm-none-eabi/lib/thumb/v7e-m+fp/softfp\libc.a(lib_a-lock.o)
                0x00004b1c                __retarget_lock_release_recursive
 .text.__smakebuf_r
                0x00004b20       0xe0 c:/maximsdk/tools/gnutools/10.3/bin/../lib/gcc/arm-none-eabi/10.3.1/../../../../arm-none-eabi/lib/thumb/v7e-m+fp/softfp\libc.a(lib_a-makebuf.o)
                0x00004b20                __smakebuf_r
 .text._malloc_r
                0x00004c00      0x560 c:/maximsdk/tools/gnutools/10.3/bin/../lib/gcc/arm-none-eabi/10.3.1/../../../../arm-none-eabi/lib/thumb/v7e-m+fp/softfp\libc.a(lib_a-mallocr.o)
                0x00004c00                _malloc_r
 .text          0x00005160       0xa0 c:/maximsdk/tools/gnutools/10.3/bin/../lib/gcc/arm-none-eabi/10.3.1/../../../../arm-none-eabi/lib/thumb/v7e-m+fp/softfp\libc.a(lib_a-memchr.o)
                0x00005160                memchr
 .text.memmove  0x00005200       0xf8 c:/maximsdk/tools/gnutools/10.3/bin/../lib/gcc/arm-none-eabi/10.3.1/../../../../arm-none-eabi/lib/thumb/v7e-m+fp/softfp\libc.a(lib_a-memmove.o)
                0x00005200                memmove
 .text.__malloc_lock
                0x000052f8        0xc c:/maximsdk/tools/gnutools/10.3/bin/../lib/gcc/arm-none-eabi/10.3.1/../../../../arm-none-eabi/lib/thumb/v7e-m+fp/softfp\libc.a(lib_a-mlock.o)
                0x000052f8                __malloc_lock
 .text.__malloc_unlock
                0x00005304        0xc c:/maximsdk/tools/gnutools/10.3/bin/../lib/gcc/arm-none-eabi/10.3.1/../../../../arm-none-eabi/lib/thumb/v7e-m+fp/softfp\libc.a(lib_a-mlock.o)
                0x00005304                __malloc_unlock
 .text._Balloc  0x00005310       0x4c c:/maximsdk/tools/gnutools/10.3/bin/../lib/gcc/arm-none-eabi/10.3.1/../../../../arm-none-eabi/lib/thumb/v7e-m+fp/softfp\libc.a(lib_a-mprec.o)
                0x00005310                _Balloc
 .text._Bfree   0x0000535c       0x14 c:/maximsdk/tools/gnutools/10.3/bin/../lib/gcc/arm-none-eabi/10.3.1/../../../../arm-none-eabi/lib/thumb/v7e-m+fp/softfp\libc.a(lib_a-mprec.o)
                0x0000535c                _Bfree
 .text.__multadd
                0x00005370       0xa8 c:/maximsdk/tools/gnutools/10.3/bin/../lib/gcc/arm-none-eabi/10.3.1/../../../../arm-none-eabi/lib/thumb/v7e-m+fp/softfp\libc.a(lib_a-mprec.o)
                0x00005370                __multadd
 .text.__hi0bits
                0x00005418       0x40 c:/maximsdk/tools/gnutools/10.3/bin/../lib/gcc/arm-none-eabi/10.3.1/../../../../arm-none-eabi/lib/thumb/v7e-m+fp/softfp\libc.a(lib_a-mprec.o)
                0x00005418                __hi0bits
 .text.__lo0bits
                0x00005458       0x60 c:/maximsdk/tools/gnutools/10.3/bin/../lib/gcc/arm-none-eabi/10.3.1/../../../../arm-none-eabi/lib/thumb/v7e-m+fp/softfp\libc.a(lib_a-mprec.o)
                0x00005458                __lo0bits
 .text.__i2b    0x000054b8       0x5c c:/maximsdk/tools/gnutools/10.3/bin/../lib/gcc/arm-none-eabi/10.3.1/../../../../arm-none-eabi/lib/thumb/v7e-m+fp/softfp\libc.a(lib_a-mprec.o)
                0x000054b8                __i2b
 .text.__multiply
                0x00005514      0x15c c:/maximsdk/tools/gnutools/10.3/bin/../lib/gcc/arm-none-eabi/10.3.1/../../../../arm-none-eabi/lib/thumb/v7e-m+fp/softfp\libc.a(lib_a-mprec.o)
                0x00005514                __multiply
 .text.__pow5mult
                0x00005670       0xc0 c:/maximsdk/tools/gnutools/10.3/bin/../lib/gcc/arm-none-eabi/10.3.1/../../../../arm-none-eabi/lib/thumb/v7e-m+fp/softfp\libc.a(lib_a-mprec.o)
                0x00005670                __pow5mult
 .text.__lshift
                0x00005730       0xf0 c:/maximsdk/tools/gnutools/10.3/bin/../lib/gcc/arm-none-eabi/10.3.1/../../../../arm-none-eabi/lib/thumb/v7e-m+fp/softfp\libc.a(lib_a-mprec.o)
                0x00005730                __lshift
 .text.__mcmp   0x00005820       0x44 c:/maximsdk/tools/gnutools/10.3/bin/../lib/gcc/arm-none-eabi/10.3.1/../../../../arm-none-eabi/lib/thumb/v7e-m+fp/softfp\libc.a(lib_a-mprec.o)
                0x00005820                __mcmp
 .text.__mdiff  0x00005864      0x14c c:/maximsdk/tools/gnutools/10.3/bin/../lib/gcc/arm-none-eabi/10.3.1/../../../../arm-none-eabi/lib/thumb/v7e-m+fp/softfp\libc.a(lib_a-mprec.o)
                0x00005864                __mdiff
 .text.__d2b    0x000059b0       0xc4 c:/maximsdk/tools/gnutools/10.3/bin/../lib/gcc/arm-none-eabi/10.3.1/../../../../arm-none-eabi/lib/thumb/v7e-m+fp/softfp\libc.a(lib_a-mprec.o)
                0x000059b0                __d2b
 .text._realloc_r
                0x00005a74      0x3d8 c:/maximsdk/tools/gnutools/10.3/bin/../lib/gcc/arm-none-eabi/10.3.1/../../../../arm-none-eabi/lib/thumb/v7e-m+fp/softfp\libc.a(lib_a-reallocr.o)
                0x00005a74                _realloc_r
 .text.frexp    0x00005e4c       0x70 c:/maximsdk/tools/gnutools/10.3/bin/../lib/gcc/arm-none-eabi/10.3.1/../../../../arm-none-eabi/lib/thumb/v7e-m+fp/softfp\libc.a(lib_a-s_frexp.o)
                0x00005e4c                frexp
 .text._sbrk_r  0x00005ebc       0x24 c:/maximsdk/tools/gnutools/10.3/bin/../lib/gcc/arm-none-eabi/10.3.1/../../../../arm-none-eabi/lib/thumb/v7e-m+fp/softfp\libc.a(lib_a-sbrkr.o)
                0x00005ebc                _sbrk_r
 .text.__sread  0x00005ee0       0x24 c:/maximsdk/tools/gnutools/10.3/bin/../lib/gcc/arm-none-eabi/10.3.1/../../../../arm-none-eabi/lib/thumb/v7e-m+fp/softfp\libc.a(lib_a-stdio.o)
                0x00005ee0                __sread
 .text.__swrite
                0x00005f04       0x40 c:/maximsdk/tools/gnutools/10.3/bin/../lib/gcc/arm-none-eabi/10.3.1/../../../../arm-none-eabi/lib/thumb/v7e-m+fp/softfp\libc.a(lib_a-stdio.o)
                0x00005f04                __swrite
 .text.__sseek  0x00005f44       0x20 c:/maximsdk/tools/gnutools/10.3/bin/../lib/gcc/arm-none-eabi/10.3.1/../../../../arm-none-eabi/lib/thumb/v7e-m+fp/softfp\libc.a(lib_a-stdio.o)
                0x00005f44                __sseek
 .text.__sclose
                0x00005f64        0x8 c:/maximsdk/tools/gnutools/10.3/bin/../lib/gcc/arm-none-eabi/10.3.1/../../../../arm-none-eabi/lib/thumb/v7e-m+fp/softfp\libc.a(lib_a-stdio.o)
                0x00005f64                __sclose
 .text.strncpy  0x00005f6c       0x64 c:/maximsdk/tools/gnutools/10.3/bin/../lib/gcc/arm-none-eabi/10.3.1/../../../../arm-none-eabi/lib/thumb/v7e-m+fp/softfp\libc.a(lib_a-strncpy.o)
                0x00005f6c                strncpy
 .text.__sprint_r.part.0
                0x00005fd0       0x78 c:/maximsdk/tools/gnutools/10.3/bin/../lib/gcc/arm-none-eabi/10.3.1/../../../../arm-none-eabi/lib/thumb/v7e-m+fp/softfp\libc.a(lib_a-vfiprintf.o)
 .text.__sprint_r
                0x00006048       0x18 c:/maximsdk/tools/gnutools/10.3/bin/../lib/gcc/arm-none-eabi/10.3.1/../../../../arm-none-eabi/lib/thumb/v7e-m+fp/softfp\libc.a(lib_a-vfiprintf.o)
                0x00006048                __sprint_r
 .text._vfiprintf_r
                0x00006060      0xdfc c:/maximsdk/tools/gnutools/10.3/bin/../lib/gcc/arm-none-eabi/10.3.1/../../../../arm-none-eabi/lib/thumb/v7e-m+fp/softfp\libc.a(lib_a-vfiprintf.o)
                0x00006060                _vfiprintf_r
 .text.__sbprintf
                0x00006e5c       0x80 c:/maximsdk/tools/gnutools/10.3/bin/../lib/gcc/arm-none-eabi/10.3.1/../../../../arm-none-eabi/lib/thumb/v7e-m+fp/softfp\libc.a(lib_a-vfiprintf.o)
 .text._write_r
                0x00006edc       0x2c c:/maximsdk/tools/gnutools/10.3/bin/../lib/gcc/arm-none-eabi/10.3.1/../../../../arm-none-eabi/lib/thumb/v7e-m+fp/softfp\libc.a(lib_a-writer.o)
                0x00006edc                _write_r
 .text.__register_exitproc
                0x00006f08       0x8c c:/maximsdk/tools/gnutools/10.3/bin/../lib/gcc/arm-none-eabi/10.3.1/../../../../arm-none-eabi/lib/thumb/v7e-m+fp/softfp\libc.a(lib_a-__atexit.o)
                0x00006f08                __register_exitproc
 .text.__assert_func
                0x00006f94       0x40 c:/maximsdk/tools/gnutools/10.3/bin/../lib/gcc/arm-none-eabi/10.3.1/../../../../arm-none-eabi/lib/thumb/v7e-m+fp/softfp\libc.a(lib_a-assert.o)
                0x00006f94                __assert_func
 .text._calloc_r
                0x00006fd4       0x78 c:/maximsdk/tools/gnutools/10.3/bin/../lib/gcc/arm-none-eabi/10.3.1/../../../../arm-none-eabi/lib/thumb/v7e-m+fp/softfp\libc.a(lib_a-callocr.o)
                0x00006fd4                _calloc_r
 .text._close_r
                0x0000704c       0x24 c:/maximsdk/tools/gnutools/10.3/bin/../lib/gcc/arm-none-eabi/10.3.1/../../../../arm-none-eabi/lib/thumb/v7e-m+fp/softfp\libc.a(lib_a-closer.o)
                0x0000704c                _close_r
 .text._fclose_r
                0x00007070       0xcc c:/maximsdk/tools/gnutools/10.3/bin/../lib/gcc/arm-none-eabi/10.3.1/../../../../arm-none-eabi/lib/thumb/v7e-m+fp/softfp\libc.a(lib_a-fclose.o)
                0x00007070                _fclose_r
 .text.fiprintf
                0x0000713c       0x28 c:/maximsdk/tools/gnutools/10.3/bin/../lib/gcc/arm-none-eabi/10.3.1/../../../../arm-none-eabi/lib/thumb/v7e-m+fp/softfp\libc.a(lib_a-fiprintf.o)
                0x0000713c                fiprintf
 .text.__fputwc
                0x00007164       0xa8 c:/maximsdk/tools/gnutools/10.3/bin/../lib/gcc/arm-none-eabi/10.3.1/../../../../arm-none-eabi/lib/thumb/v7e-m+fp/softfp\libc.a(lib_a-fputwc.o)
                0x00007164                __fputwc
 .text._fputwc_r
                0x0000720c       0x68 c:/maximsdk/tools/gnutools/10.3/bin/../lib/gcc/arm-none-eabi/10.3.1/../../../../arm-none-eabi/lib/thumb/v7e-m+fp/softfp\libc.a(lib_a-fputwc.o)
                0x0000720c                _fputwc_r
 .text._fstat_r
                0x00007274       0x2c c:/maximsdk/tools/gnutools/10.3/bin/../lib/gcc/arm-none-eabi/10.3.1/../../../../arm-none-eabi/lib/thumb/v7e-m+fp/softfp\libc.a(lib_a-fstatr.o)
                0x00007274                _fstat_r
 .text._isatty_r
                0x000072a0       0x24 c:/maximsdk/tools/gnutools/10.3/bin/../lib/gcc/arm-none-eabi/10.3.1/../../../../arm-none-eabi/lib/thumb/v7e-m+fp/softfp\libc.a(lib_a-isattyr.o)
                0x000072a0                _isatty_r
 .text.__locale_mb_cur_max
                0x000072c4        0xc c:/maximsdk/tools/gnutools/10.3/bin/../lib/gcc/arm-none-eabi/10.3.1/../../../../arm-none-eabi/lib/thumb/v7e-m+fp/softfp\libc.a(lib_a-locale.o)
                0x000072c4                __locale_mb_cur_max
 .text._lseek_r
                0x000072d0       0x2c c:/maximsdk/tools/gnutools/10.3/bin/../lib/gcc/arm-none-eabi/10.3.1/../../../../arm-none-eabi/lib/thumb/v7e-m+fp/softfp\libc.a(lib_a-lseekr.o)
                0x000072d0                _lseek_r
 .text.__ascii_mbtowc
                0x000072fc       0x2c c:/maximsdk/tools/gnutools/10.3/bin/../lib/gcc/arm-none-eabi/10.3.1/../../../../arm-none-eabi/lib/thumb/v7e-m+fp/softfp\libc.a(lib_a-mbtowc_r.o)
                0x000072fc                __ascii_mbtowc
 .text._read_r  0x00007328       0x2c c:/maximsdk/tools/gnutools/10.3/bin/../lib/gcc/arm-none-eabi/10.3.1/../../../../arm-none-eabi/lib/thumb/v7e-m+fp/softfp\libc.a(lib_a-readr.o)
                0x00007328                _read_r
 .text.__swbuf_r
                0x00007354       0xb0 c:/maximsdk/tools/gnutools/10.3/bin/../lib/gcc/arm-none-eabi/10.3.1/../../../../arm-none-eabi/lib/thumb/v7e-m+fp/softfp\libc.a(lib_a-wbuf.o)
                0x00007354                __swbuf_r
 .text._wcrtomb_r
                0x00007404       0x3c c:/maximsdk/tools/gnutools/10.3/bin/../lib/gcc/arm-none-eabi/10.3.1/../../../../arm-none-eabi/lib/thumb/v7e-m+fp/softfp\libc.a(lib_a-wcrtomb.o)
                0x00007404                _wcrtomb_r
 .text.__ascii_wctomb
                0x00007440       0x1c c:/maximsdk/tools/gnutools/10.3/bin/../lib/gcc/arm-none-eabi/10.3.1/../../../../arm-none-eabi/lib/thumb/v7e-m+fp/softfp\libc.a(lib_a-wctomb_r.o)
                0x00007440                __ascii_wctomb
 .text.abort    0x0000745c       0x10 c:/maximsdk/tools/gnutools/10.3/bin/../lib/gcc/arm-none-eabi/10.3.1/../../../../arm-none-eabi/lib/thumb/v7e-m+fp/softfp\libc.a(lib_a-abort.o)
                0x0000745c                abort
 .text.raise    0x0000746c       0x5c c:/maximsdk/tools/gnutools/10.3/bin/../lib/gcc/arm-none-eabi/10.3.1/../../../../arm-none-eabi/lib/thumb/v7e-m+fp/softfp\libc.a(lib_a-signal.o)
                0x0000746c                raise
 .text._kill_r  0x000074c8       0x2c c:/maximsdk/tools/gnutools/10.3/bin/../lib/gcc/arm-none-eabi/10.3.1/../../../../arm-none-eabi/lib/thumb/v7e-m+fp/softfp\libc.a(lib_a-signalr.o)
                0x000074c8                _kill_r
 .text._getpid_r
                0x000074f4        0x4 c:/maximsdk/tools/gnutools/10.3/bin/../lib/gcc/arm-none-eabi/10.3.1/../../../../arm-none-eabi/lib/thumb/v7e-m+fp/softfp\libc.a(lib_a-signalr.o)
                0x000074f4                _getpid_r
 .text._getpid  0x000074f8       0x10 c:/maximsdk/tools/gnutools/10.3/bin/../lib/gcc/arm-none-eabi/10.3.1/../../../../arm-none-eabi/lib/thumb/v7e-m+fp/softfp\libnosys.a(getpid.o)
                0x000074f8                _getpid
 .text._kill    0x00007508       0x10 c:/maximsdk/tools/gnutools/10.3/bin/../lib/gcc/arm-none-eabi/10.3.1/../../../../arm-none-eabi/lib/thumb/v7e-m+fp/softfp\libnosys.a(kill.o)
                0x00007508                _kill
 .text._exit    0x00007518        0x4 c:/maximsdk/tools/gnutools/10.3/bin/../lib/gcc/arm-none-eabi/10.3.1/../../../../arm-none-eabi/lib/thumb/v7e-m+fp/softfp\libnosys.a(_exit.o)
                0x00007518                _exit
 .text          0x0000751c      0x378 c:/maximsdk/tools/gnutools/10.3/bin/../lib/gcc/arm-none-eabi/10.3.1/thumb/v7e-m+fp/softfp\libgcc.a(_arm_addsubdf3.o)
                0x0000751c                __aeabi_drsub
                0x00007524                __aeabi_dsub
                0x00007524                __subdf3
                0x00007528                __aeabi_dadd
                0x00007528                __adddf3
                0x000077a0                __floatunsidf
                0x000077a0                __aeabi_ui2d
                0x000077c0                __floatsidf
                0x000077c0                __aeabi_i2d
                0x000077e4                __aeabi_f2d
                0x000077e4                __extendsfdf2
                0x00007828                __floatundidf
                0x00007828                __aeabi_ul2d
                0x00007838                __floatdidf
                0x00007838                __aeabi_l2d
 .text          0x00007894      0x424 c:/maximsdk/tools/gnutools/10.3/bin/../lib/gcc/arm-none-eabi/10.3.1/thumb/v7e-m+fp/softfp\libgcc.a(_arm_muldivdf3.o)
                0x00007894                __aeabi_dmul
                0x00007894                __muldf3
                0x00007ae8                __divdf3
                0x00007ae8                __aeabi_ddiv
 .text          0x00007cb8      0x110 c:/maximsdk/tools/gnutools/10.3/bin/../lib/gcc/arm-none-eabi/10.3.1/thumb/v7e-m+fp/softfp\libgcc.a(_arm_cmpdf2.o)
                0x00007cb8                __gtdf2
                0x00007cb8                __gedf2
                0x00007cc0                __ltdf2
                0x00007cc0                __ledf2
                0x00007cc8                __nedf2
                0x00007cc8                __eqdf2
                0x00007cc8                __cmpdf2
                0x00007d44                __aeabi_cdrcmple
                0x00007d54                __aeabi_cdcmpeq
                0x00007d54                __aeabi_cdcmple
                0x00007d64                __aeabi_dcmpeq
                0x00007d78                __aeabi_dcmplt
                0x00007d8c                __aeabi_dcmple
                0x00007da0                __aeabi_dcmpge
                0x00007db4                __aeabi_dcmpgt
 .text          0x00007dc8       0x2c c:/maximsdk/tools/gnutools/10.3/bin/../lib/gcc/arm-none-eabi/10.3.1/thumb/v7e-m+fp/softfp\libgcc.a(_arm_unorddf2.o)
                0x00007dc8                __unorddf2
                0x00007dc8                __aeabi_dcmpun
 .text          0x00007df4       0x50 c:/maximsdk/tools/gnutools/10.3/bin/../lib/gcc/arm-none-eabi/10.3.1/thumb/v7e-m+fp/softfp\libgcc.a(_arm_fixdfsi.o)
                0x00007df4                __aeabi_d2iz
                0x00007df4                __fixdfsi
 .text          0x00007e44       0x30 c:/maximsdk/tools/gnutools/10.3/bin/../lib/gcc/arm-none-eabi/10.3.1/thumb/v7e-m+fp/softfp\libgcc.a(_aeabi_uldivmod.o)
                0x00007e44                __aeabi_uldivmod
 .text          0x00007e74      0x2d0 c:/maximsdk/tools/gnutools/10.3/bin/../lib/gcc/arm-none-eabi/10.3.1/thumb/v7e-m+fp/softfp\libgcc.a(_udivmoddi4.o)
                0x00007e74                __udivmoddi4
 .text          0x00008144        0x4 c:/maximsdk/tools/gnutools/10.3/bin/../lib/gcc/arm-none-eabi/10.3.1/thumb/v7e-m+fp/softfp\libgcc.a(_dvmd_tls.o)
                0x00008144                __aeabi_idiv0
                0x00008144                __aeabi_ldiv0
 *(.rodata*)
 .rodata.main.str1.4
                0x00008148       0x1c c:/Users/Joseph/Documents/UKDAQ/Unified-Kinematic-DAQ/Dev_board_1/Eclipse/Hello_World/build/main.o
 .rodata.mxc_assert.str1.4
                0x00008164       0x19 c:/Users/Joseph/Documents/UKDAQ/Unified-Kinematic-DAQ/Dev_board_1/Eclipse/Hello_World/build/board.o
 *fill*         0x0000817d        0x3 
 .rodata.Board_Init.str1.4
                0x00008180       0x45 c:/Users/Joseph/Documents/UKDAQ/Unified-Kinematic-DAQ/Dev_board_1/Eclipse/Hello_World/build/board.o
 *fill*         0x000081c5        0x3 
 .rodata.led_pin
                0x000081c8        0xc c:/Users/Joseph/Documents/UKDAQ/Unified-Kinematic-DAQ/Dev_board_1/Eclipse/Hello_World/build/board.o
                0x000081c8                led_pin
 .rodata.num_leds
                0x000081d4        0x4 c:/Users/Joseph/Documents/UKDAQ/Unified-Kinematic-DAQ/Dev_board_1/Eclipse/Hello_World/build/board.o
                0x000081d4                num_leds
 .rodata.num_pbs
                0x000081d8        0x4 c:/Users/Joseph/Documents/UKDAQ/Unified-Kinematic-DAQ/Dev_board_1/Eclipse/Hello_World/build/board.o
                0x000081d8                num_pbs
 .rodata.pb_pin
                0x000081dc        0xc c:/Users/Joseph/Documents/UKDAQ/Unified-Kinematic-DAQ/Dev_board_1/Eclipse/Hello_World/build/board.o
                0x000081dc                pb_pin
 .rodata.LED_On.str1.4
                0x000081e8       0x3b c:/Users/Joseph/Documents/UKDAQ/Unified-Kinematic-DAQ/Dev_board_1/Eclipse/Hello_World/build/led.o
 *fill*         0x00008223        0x1 
 .rodata.gpio_cfg_uart0
                0x00008224        0xc C:/MaximSDK/Libraries/PeriphDrivers/bin/MAX32660/softfp/libPeriphDriver_softfp.a(pins_me11.o)
                0x00008224                gpio_cfg_uart0
 .rodata.gpio_cfg_uart1a
                0x00008230        0xc C:/MaximSDK/Libraries/PeriphDrivers/bin/MAX32660/softfp/libPeriphDriver_softfp.a(pins_me11.o)
                0x00008230                gpio_cfg_uart1a
 .rodata.gpio_cfg_uart1b
                0x0000823c        0xc C:/MaximSDK/Libraries/PeriphDrivers/bin/MAX32660/softfp/libPeriphDriver_softfp.a(pins_me11.o)
                0x0000823c                gpio_cfg_uart1b
 .rodata.gpio_cfg_uart1c
                0x00008248        0xc C:/MaximSDK/Libraries/PeriphDrivers/bin/MAX32660/softfp/libPeriphDriver_softfp.a(pins_me11.o)
                0x00008248                gpio_cfg_uart1c
 .rodata.MXC_GPIO_Common_Handler.str1.4
                0x00008254       0x66 C:/MaximSDK/Libraries/PeriphDrivers/bin/MAX32660/softfp/libPeriphDriver_softfp.a(gpio_common.o)
 *fill*         0x000082ba        0x2 
 .rodata._global_impure_ptr
                0x000082bc        0x4 c:/maximsdk/tools/gnutools/10.3/bin/../lib/gcc/arm-none-eabi/10.3.1/../../../../arm-none-eabi/lib/thumb/v7e-m+fp/softfp\libc.a(lib_a-impure.o)
                0x000082bc                _global_impure_ptr
 .rodata._puts_r.str1.4
                0x000082c0        0x2 c:/maximsdk/tools/gnutools/10.3/bin/../lib/gcc/arm-none-eabi/10.3.1/../../../../arm-none-eabi/lib/thumb/v7e-m+fp/softfp\libc.a(lib_a-puts.o)
 *fill*         0x000082c2        0x2 
 .rodata._vfprintf_r.str1.4
                0x000082c4       0x42 c:/maximsdk/tools/gnutools/10.3/bin/../lib/gcc/arm-none-eabi/10.3.1/../../../../arm-none-eabi/lib/thumb/v7e-m+fp/softfp\libc.a(lib_a-vfprintf.o)
 *fill*         0x00008306        0x2 
 .rodata.blanks.1
                0x00008308       0x10 c:/maximsdk/tools/gnutools/10.3/bin/../lib/gcc/arm-none-eabi/10.3.1/../../../../arm-none-eabi/lib/thumb/v7e-m+fp/softfp\libc.a(lib_a-vfprintf.o)
 .rodata.zeroes.0
                0x00008318       0x10 c:/maximsdk/tools/gnutools/10.3/bin/../lib/gcc/arm-none-eabi/10.3.1/../../../../arm-none-eabi/lib/thumb/v7e-m+fp/softfp\libc.a(lib_a-vfprintf.o)
 .rodata._dtoa_r.str1.4
                0x00008328       0xa2 c:/maximsdk/tools/gnutools/10.3/bin/../lib/gcc/arm-none-eabi/10.3.1/../../../../arm-none-eabi/lib/thumb/v7e-m+fp/softfp\libc.a(lib_a-dtoa.o)
                                 0xa6 (size before relaxing)
 *fill*         0x000083ca        0x2 
 .rodata.__multadd.str1.4
                0x000083cc       0x7f c:/maximsdk/tools/gnutools/10.3/bin/../lib/gcc/arm-none-eabi/10.3.1/../../../../arm-none-eabi/lib/thumb/v7e-m+fp/softfp\libc.a(lib_a-mprec.o)
                                 0x93 (size before relaxing)
 *fill*         0x0000844b        0x5 
 .rodata.__mprec_bigtens
                0x00008450       0x28 c:/maximsdk/tools/gnutools/10.3/bin/../lib/gcc/arm-none-eabi/10.3.1/../../../../arm-none-eabi/lib/thumb/v7e-m+fp/softfp\libc.a(lib_a-mprec.o)
                0x00008450                __mprec_bigtens
 .rodata.__mprec_tens
                0x00008478       0xc8 c:/maximsdk/tools/gnutools/10.3/bin/../lib/gcc/arm-none-eabi/10.3.1/../../../../arm-none-eabi/lib/thumb/v7e-m+fp/softfp\libc.a(lib_a-mprec.o)
                0x00008478                __mprec_tens
 .rodata.p05.0  0x00008540        0xc c:/maximsdk/tools/gnutools/10.3/bin/../lib/gcc/arm-none-eabi/10.3.1/../../../../arm-none-eabi/lib/thumb/v7e-m+fp/softfp\libc.a(lib_a-mprec.o)
 .rodata._vfiprintf_r.str1.4
                0x0000854c       0x2f c:/maximsdk/tools/gnutools/10.3/bin/../lib/gcc/arm-none-eabi/10.3.1/../../../../arm-none-eabi/lib/thumb/v7e-m+fp/softfp\libc.a(lib_a-vfiprintf.o)
 .rodata.blanks.1
                0x0000854c       0x10 c:/maximsdk/tools/gnutools/10.3/bin/../lib/gcc/arm-none-eabi/10.3.1/../../../../arm-none-eabi/lib/thumb/v7e-m+fp/softfp\libc.a(lib_a-vfiprintf.o)
 .rodata.zeroes.0
                0x0000855c       0x10 c:/maximsdk/tools/gnutools/10.3/bin/../lib/gcc/arm-none-eabi/10.3.1/../../../../arm-none-eabi/lib/thumb/v7e-m+fp/softfp\libc.a(lib_a-vfiprintf.o)
 .rodata.__assert_func.str1.4
                0x0000856c       0x3f c:/maximsdk/tools/gnutools/10.3/bin/../lib/gcc/arm-none-eabi/10.3.1/../../../../arm-none-eabi/lib/thumb/v7e-m+fp/softfp\libc.a(lib_a-assert.o)
                                 0x43 (size before relaxing)
 *fill*         0x000085ab        0x1 
 .rodata._setlocale_r.str1.4
                0x000085ac        0xa c:/maximsdk/tools/gnutools/10.3/bin/../lib/gcc/arm-none-eabi/10.3.1/../../../../arm-none-eabi/lib/thumb/v7e-m+fp/softfp\libc.a(lib_a-locale.o)
                                  0xd (size before relaxing)
 *fill*         0x000085b6        0x2 
 .rodata.str1.4
                0x000085b8        0x2 c:/maximsdk/tools/gnutools/10.3/bin/../lib/gcc/arm-none-eabi/10.3.1/../../../../arm-none-eabi/lib/thumb/v7e-m+fp/softfp\libc.a(lib_a-locale.o)
 *fill*         0x000085ba        0x2 
 .rodata._ctype_
                0x000085bc      0x101 c:/maximsdk/tools/gnutools/10.3/bin/../lib/gcc/arm-none-eabi/10.3.1/../../../../arm-none-eabi/lib/thumb/v7e-m+fp/softfp\libc.a(lib_a-ctype_.o)
                0x000085bc                _ctype_
 *(.flashprog*)
 *(.init)
 *fill*         0x000086bd        0x3 
 .init          0x000086c0        0x4 c:/maximsdk/tools/gnutools/10.3/bin/../lib/gcc/arm-none-eabi/10.3.1/thumb/v7e-m+fp/softfp/crti.o
                0x000086c0                _init
 .init          0x000086c4        0x8 c:/maximsdk/tools/gnutools/10.3/bin/../lib/gcc/arm-none-eabi/10.3.1/thumb/v7e-m+fp/softfp/crtn.o
 *(.fini)
 .fini          0x000086cc        0x4 c:/maximsdk/tools/gnutools/10.3/bin/../lib/gcc/arm-none-eabi/10.3.1/thumb/v7e-m+fp/softfp/crti.o
                0x000086cc                _fini
 .fini          0x000086d0        0x8 c:/maximsdk/tools/gnutools/10.3/bin/../lib/gcc/arm-none-eabi/10.3.1/thumb/v7e-m+fp/softfp/crtn.o
 *crtbegin.o(.ctors)
 *crtbegin?.o(.ctors)
 *(EXCLUDE_FILE(*crtend.o *crtend?.o) .ctors)
 *(SORT_BY_NAME(.ctors.*))
 *(.ctors)
 *crtbegin.o(.dtors)
 *crtbegin?.o(.dtors)
 *(EXCLUDE_FILE(*crtend.o *crtend?.o) .dtors)
 *(SORT_BY_NAME(.dtors.*))
 *(.dtors)
 *(.eh_frame*)
 .eh_frame      0x000086d8        0x0 c:/maximsdk/tools/gnutools/10.3/bin/../lib/gcc/arm-none-eabi/10.3.1/thumb/v7e-m+fp/softfp/crtbegin.o
 .eh_frame      0x000086d8        0x4 c:/maximsdk/tools/gnutools/10.3/bin/../lib/gcc/arm-none-eabi/10.3.1/thumb/v7e-m+fp/softfp/crtend.o
                0x000086dc                _etext = .

.glue_7         0x000086dc        0x0
 .glue_7        0x000086dc        0x0 linker stubs

.glue_7t        0x000086dc        0x0
 .glue_7t       0x000086dc        0x0 linker stubs

.vfp11_veneer   0x000086dc        0x0
 .vfp11_veneer  0x000086dc        0x0 linker stubs

.v4_bx          0x000086dc        0x0
 .v4_bx         0x000086dc        0x0 linker stubs

.iplt           0x000086dc        0x0
 .iplt          0x000086dc        0x0 c:/maximsdk/tools/gnutools/10.3/bin/../lib/gcc/arm-none-eabi/10.3.1/thumb/v7e-m+fp/softfp/crtbegin.o

.ARM.extab
 *(.ARM.extab* .gnu.linkonce.armextab.*)

.ARM.exidx      0x000086dc        0x8
                0x000086dc                __exidx_start = .
 *(.ARM.exidx* .gnu.linkonce.armexidx.*)
 .ARM.exidx     0x000086dc        0x8 c:/maximsdk/tools/gnutools/10.3/bin/../lib/gcc/arm-none-eabi/10.3.1/thumb/v7e-m+fp/softfp\libgcc.a(_udivmoddi4.o)
                0x000086e4                __exidx_end = .

.rel.dyn        0x000086e4        0x0
 .rel.iplt      0x000086e4        0x0 c:/maximsdk/tools/gnutools/10.3/bin/../lib/gcc/arm-none-eabi/10.3.1/thumb/v7e-m+fp/softfp/crtbegin.o

.data           0x20000000      0x9c4 load address 0x000086e4
                0x20000000                _data = ALIGN (., 0x4)
 *(vtable)
 *(.data*)
 .data.ConsoleUart
                0x20000000        0x4 c:/Users/Joseph/Documents/UKDAQ/Unified-Kinematic-DAQ/Dev_board_1/Eclipse/Hello_World/build/board.o
                0x20000000                ConsoleUart
 .data.SystemCoreClock
                0x20000004        0x4 c:/Users/Joseph/Documents/UKDAQ/Unified-Kinematic-DAQ/Dev_board_1/Eclipse/Hello_World/build/system_max32660.o
                0x20000004                SystemCoreClock
 .data.overflows
                0x20000008        0x4 C:/MaximSDK/Libraries/PeriphDrivers/bin/MAX32660/softfp/libPeriphDriver_softfp.a(mxc_delay.o)
 .data._impure_ptr
                0x2000000c        0x4 c:/maximsdk/tools/gnutools/10.3/bin/../lib/gcc/arm-none-eabi/10.3.1/../../../../arm-none-eabi/lib/thumb/v7e-m+fp/softfp\libc.a(lib_a-impure.o)
                0x2000000c                _impure_ptr
 .data.impure_data
                0x20000010      0x428 c:/maximsdk/tools/gnutools/10.3/bin/../lib/gcc/arm-none-eabi/10.3.1/../../../../arm-none-eabi/lib/thumb/v7e-m+fp/softfp\libc.a(lib_a-impure.o)
 .data.__atexit_recursive_mutex
                0x20000438        0x4 c:/maximsdk/tools/gnutools/10.3/bin/../lib/gcc/arm-none-eabi/10.3.1/../../../../arm-none-eabi/lib/thumb/v7e-m+fp/softfp\libc.a(lib_a-__call_atexit.o)
                0x20000438                __atexit_recursive_mutex
 .data.__malloc_av_
                0x2000043c      0x408 c:/maximsdk/tools/gnutools/10.3/bin/../lib/gcc/arm-none-eabi/10.3.1/../../../../arm-none-eabi/lib/thumb/v7e-m+fp/softfp\libc.a(lib_a-mallocr.o)
                0x2000043c                __malloc_av_
 .data.__malloc_sbrk_base
                0x20000844        0x4 c:/maximsdk/tools/gnutools/10.3/bin/../lib/gcc/arm-none-eabi/10.3.1/../../../../arm-none-eabi/lib/thumb/v7e-m+fp/softfp\libc.a(lib_a-mallocr.o)
                0x20000844                __malloc_sbrk_base
 .data.__malloc_trim_threshold
                0x20000848        0x4 c:/maximsdk/tools/gnutools/10.3/bin/../lib/gcc/arm-none-eabi/10.3.1/../../../../arm-none-eabi/lib/thumb/v7e-m+fp/softfp\libc.a(lib_a-mallocr.o)
                0x20000848                __malloc_trim_threshold
 .data.__global_locale
                0x2000084c      0x16c c:/maximsdk/tools/gnutools/10.3/bin/../lib/gcc/arm-none-eabi/10.3.1/../../../../arm-none-eabi/lib/thumb/v7e-m+fp/softfp\libc.a(lib_a-locale.o)
                0x2000084c                __global_locale
 *(.spix_config*)
                0x200009b8                . = ALIGN (0x4)
                0x200009b8                PROVIDE (__preinit_array_start = .)
 *(.preinit_array)
                0x200009b8                PROVIDE (__preinit_array_end = .)
                0x200009b8                . = ALIGN (0x4)
                0x200009b8                PROVIDE (__init_array_start = .)
 *(SORT_BY_NAME(.init_array.*))
 .init_array.00000
                0x200009b8        0x4 c:/maximsdk/tools/gnutools/10.3/bin/../lib/gcc/arm-none-eabi/10.3.1/../../../../arm-none-eabi/lib/thumb/v7e-m+fp/softfp\libc.a(lib_a-__call_atexit.o)
 *(.init_array)
 .init_array    0x200009bc        0x4 c:/maximsdk/tools/gnutools/10.3/bin/../lib/gcc/arm-none-eabi/10.3.1/thumb/v7e-m+fp/softfp/crtbegin.o
                0x200009c0                PROVIDE (__init_array_end = .)
                0x200009c0                . = ALIGN (0x4)
                0x200009c0                PROVIDE (__fini_array_start = .)
 *(SORT_BY_NAME(.fini_array.*))
 *(.fini_array)
 .fini_array    0x200009c0        0x4 c:/maximsdk/tools/gnutools/10.3/bin/../lib/gcc/arm-none-eabi/10.3.1/thumb/v7e-m+fp/softfp/crtbegin.o
                0x200009c4                PROVIDE (__fini_array_end = .)
                0x200009c4                _edata = ALIGN (., 0x4)
                0x000086e4                __load_data = LOADADDR (.data)

.igot.plt       0x200009c4        0x0 load address 0x000090a8
 .igot.plt      0x200009c4        0x0 c:/maximsdk/tools/gnutools/10.3/bin/../lib/gcc/arm-none-eabi/10.3.1/thumb/v7e-m+fp/softfp/crtbegin.o

.bss            0x200009c4       0xe4 load address 0x000090a8
                0x200009c4                . = ALIGN (0x4)
                0x200009c4                _bss = .
 *(.bss*)
 .bss           0x200009c4       0x1c c:/maximsdk/tools/gnutools/10.3/bin/../lib/gcc/arm-none-eabi/10.3.1/thumb/v7e-m+fp/softfp/crtbegin.o
 .bss.heap_end  0x200009e0        0x4 c:/Users/Joseph/Documents/UKDAQ/Unified-Kinematic-DAQ/Dev_board_1/Eclipse/Hello_World/build/heap.o
 .bss.cbFunc    0x200009e4        0x4 C:/MaximSDK/Libraries/PeriphDrivers/bin/MAX32660/softfp/libPeriphDriver_softfp.a(mxc_delay.o)
 .bss.ctrl_save
                0x200009e8        0x4 C:/MaximSDK/Libraries/PeriphDrivers/bin/MAX32660/softfp/libPeriphDriver_softfp.a(mxc_delay.o)
 .bss.endtick   0x200009ec        0x4 C:/MaximSDK/Libraries/PeriphDrivers/bin/MAX32660/softfp/libPeriphDriver_softfp.a(mxc_delay.o)
 .bss.callback  0x200009f0       0x38 C:/MaximSDK/Libraries/PeriphDrivers/bin/MAX32660/softfp/libPeriphDriver_softfp.a(gpio_common.o)
 .bss.cbparam   0x20000a28       0x38 C:/MaximSDK/Libraries/PeriphDrivers/bin/MAX32660/softfp/libPeriphDriver_softfp.a(gpio_common.o)
 .bss.__lock___atexit_recursive_mutex
                0x20000a60        0x1 c:/maximsdk/tools/gnutools/10.3/bin/../lib/gcc/arm-none-eabi/10.3.1/../../../../arm-none-eabi/lib/thumb/v7e-m+fp/softfp\libc.a(lib_a-lock.o)
                0x20000a60                __lock___atexit_recursive_mutex
 *fill*         0x20000a61        0x3 
 .bss.__lock___malloc_recursive_mutex
                0x20000a64        0x1 c:/maximsdk/tools/gnutools/10.3/bin/../lib/gcc/arm-none-eabi/10.3.1/../../../../arm-none-eabi/lib/thumb/v7e-m+fp/softfp\libc.a(lib_a-lock.o)
                0x20000a64                __lock___malloc_recursive_mutex
 *fill*         0x20000a65        0x3 
 .bss.__lock___sfp_recursive_mutex
                0x20000a68        0x1 c:/maximsdk/tools/gnutools/10.3/bin/../lib/gcc/arm-none-eabi/10.3.1/../../../../arm-none-eabi/lib/thumb/v7e-m+fp/softfp\libc.a(lib_a-lock.o)
                0x20000a68                __lock___sfp_recursive_mutex
 *fill*         0x20000a69        0x3 
 .bss.__lock___sinit_recursive_mutex
                0x20000a6c        0x1 c:/maximsdk/tools/gnutools/10.3/bin/../lib/gcc/arm-none-eabi/10.3.1/../../../../arm-none-eabi/lib/thumb/v7e-m+fp/softfp\libc.a(lib_a-lock.o)
                0x20000a6c                __lock___sinit_recursive_mutex
 *fill*         0x20000a6d        0x3 
 .bss.__malloc_current_mallinfo
                0x20000a70       0x28 c:/maximsdk/tools/gnutools/10.3/bin/../lib/gcc/arm-none-eabi/10.3.1/../../../../arm-none-eabi/lib/thumb/v7e-m+fp/softfp\libc.a(lib_a-mallocr.o)
                0x20000a70                __malloc_current_mallinfo
 .bss.__malloc_max_sbrked_mem
                0x20000a98        0x4 c:/maximsdk/tools/gnutools/10.3/bin/../lib/gcc/arm-none-eabi/10.3.1/../../../../arm-none-eabi/lib/thumb/v7e-m+fp/softfp\libc.a(lib_a-mallocr.o)
                0x20000a98                __malloc_max_sbrked_mem
 .bss.__malloc_max_total_mem
                0x20000a9c        0x4 c:/maximsdk/tools/gnutools/10.3/bin/../lib/gcc/arm-none-eabi/10.3.1/../../../../arm-none-eabi/lib/thumb/v7e-m+fp/softfp\libc.a(lib_a-mallocr.o)
                0x20000a9c                __malloc_max_total_mem
 .bss.__malloc_top_pad
                0x20000aa0        0x4 c:/maximsdk/tools/gnutools/10.3/bin/../lib/gcc/arm-none-eabi/10.3.1/../../../../arm-none-eabi/lib/thumb/v7e-m+fp/softfp\libc.a(lib_a-mallocr.o)
                0x20000aa0                __malloc_top_pad
 .bss.errno     0x20000aa4        0x4 c:/maximsdk/tools/gnutools/10.3/bin/../lib/gcc/arm-none-eabi/10.3.1/../../../../arm-none-eabi/lib/thumb/v7e-m+fp/softfp\libc.a(lib_a-reent.o)
                0x20000aa4                errno
 *(COMMON)
                0x20000aa8                _ebss = ALIGN (., 0x4)
                0x20018000                __StackTop = (ORIGIN (SRAM) + LENGTH (SRAM))
                0x20017000                __StackLimit = (__StackTop - SIZEOF (.stack_dummy))

.stack_dummy    0x20000aa8     0x1000 load address 0x000090a8
 *(.stack*)
 .stack         0x20000aa8     0x1000 c:/Users/Joseph/Documents/UKDAQ/Unified-Kinematic-DAQ/Dev_board_1/Eclipse/Hello_World/build/startup_max32660.o

.heap           0x20000aa8      0xc00 load address 0x000090a8
                0x20000aa8                . = ALIGN (0x4)
 *(.heap*)
 .heap          0x20000aa8      0xc00 c:/Users/Joseph/Documents/UKDAQ/Unified-Kinematic-DAQ/Dev_board_1/Eclipse/Hello_World/build/startup_max32660.o
                0x20000aa8                __HeapBase
                0x20017000                __HeapLimit = ABSOLUTE (__StackLimit)
                0x20018000                PROVIDE (__stack = __StackTop)
                0x00000001                ASSERT ((__StackLimit >= _ebss), region RAM overflowed with stack)
OUTPUT(c:/Users/Joseph/Documents/UKDAQ/Unified-Kinematic-DAQ/Dev_board_1/Eclipse/Hello_World/build/Hello_World.elf elf32-littlearm)
LOAD linker stubs

.ARM.attributes
                0x00000000       0x2e
 .ARM.attributes
                0x00000000       0x1e c:/maximsdk/tools/gnutools/10.3/bin/../lib/gcc/arm-none-eabi/10.3.1/thumb/v7e-m+fp/softfp/crti.o
 .ARM.attributes
                0x0000001e       0x32 c:/maximsdk/tools/gnutools/10.3/bin/../lib/gcc/arm-none-eabi/10.3.1/thumb/v7e-m+fp/softfp/crtbegin.o
 .ARM.attributes
                0x00000050       0x32 c:/Users/Joseph/Documents/UKDAQ/Unified-Kinematic-DAQ/Dev_board_1/Eclipse/Hello_World/build/main.o
 .ARM.attributes
                0x00000082       0x32 c:/Users/Joseph/Documents/UKDAQ/Unified-Kinematic-DAQ/Dev_board_1/Eclipse/Hello_World/build/board.o
 .ARM.attributes
                0x000000b4       0x32 c:/Users/Joseph/Documents/UKDAQ/Unified-Kinematic-DAQ/Dev_board_1/Eclipse/Hello_World/build/stdio.o
 .ARM.attributes
                0x000000e6       0x32 c:/Users/Joseph/Documents/UKDAQ/Unified-Kinematic-DAQ/Dev_board_1/Eclipse/Hello_World/build/led.o
 .ARM.attributes
                0x00000118       0x32 c:/Users/Joseph/Documents/UKDAQ/Unified-Kinematic-DAQ/Dev_board_1/Eclipse/Hello_World/build/pb.o
 .ARM.attributes
                0x0000014a       0x1b c:/Users/Joseph/Documents/UKDAQ/Unified-Kinematic-DAQ/Dev_board_1/Eclipse/Hello_World/build/startup_max32660.o
 .ARM.attributes
                0x00000165       0x32 c:/Users/Joseph/Documents/UKDAQ/Unified-Kinematic-DAQ/Dev_board_1/Eclipse/Hello_World/build/heap.o
 .ARM.attributes
                0x00000197       0x32 c:/Users/Joseph/Documents/UKDAQ/Unified-Kinematic-DAQ/Dev_board_1/Eclipse/Hello_World/build/system_max32660.o
 .ARM.attributes
                0x000001c9       0x32 C:/MaximSDK/Libraries/PeriphDrivers/bin/MAX32660/softfp/libPeriphDriver_softfp.a(mxc_delay.o)
 .ARM.attributes
                0x000001fb       0x32 C:/MaximSDK/Libraries/PeriphDrivers/bin/MAX32660/softfp/libPeriphDriver_softfp.a(sys_me11.o)
 .ARM.attributes
                0x0000022d       0x32 C:/MaximSDK/Libraries/PeriphDrivers/bin/MAX32660/softfp/libPeriphDriver_softfp.a(gpio_me11.o)
 .ARM.attributes
                0x0000025f       0x32 C:/MaximSDK/Libraries/PeriphDrivers/bin/MAX32660/softfp/libPeriphDriver_softfp.a(gpio_reva.o)
 .ARM.attributes
                0x00000291       0x32 C:/MaximSDK/Libraries/PeriphDrivers/bin/MAX32660/softfp/libPeriphDriver_softfp.a(uart_me11.o)
 .ARM.attributes
                0x000002c3       0x32 C:/MaximSDK/Libraries/PeriphDrivers/bin/MAX32660/softfp/libPeriphDriver_softfp.a(uart_reva.o)
 .ARM.attributes
                0x000002f5       0x32 C:/MaximSDK/Libraries/PeriphDrivers/bin/MAX32660/softfp/libPeriphDriver_softfp.a(pins_me11.o)
 .ARM.attributes
                0x00000327       0x32 C:/MaximSDK/Libraries/PeriphDrivers/bin/MAX32660/softfp/libPeriphDriver_softfp.a(gpio_common.o)
 .ARM.attributes
                0x00000359       0x32 C:/MaximSDK/Libraries/PeriphDrivers/bin/MAX32660/softfp/libPeriphDriver_softfp.a(uart_common.o)
 .ARM.attributes
                0x0000038b       0x32 c:/maximsdk/tools/gnutools/10.3/bin/../lib/gcc/arm-none-eabi/10.3.1/../../../../arm-none-eabi/lib/thumb/v7e-m+fp/softfp\libc.a(lib_a-errno.o)
 .ARM.attributes
                0x000003bd       0x32 c:/maximsdk/tools/gnutools/10.3/bin/../lib/gcc/arm-none-eabi/10.3.1/../../../../arm-none-eabi/lib/thumb/v7e-m+fp/softfp\libc.a(lib_a-impure.o)
 .ARM.attributes
                0x000003ef       0x32 c:/maximsdk/tools/gnutools/10.3/bin/../lib/gcc/arm-none-eabi/10.3.1/../../../../arm-none-eabi/lib/thumb/v7e-m+fp/softfp\libc.a(lib_a-init.o)
 .ARM.attributes
                0x00000421       0x1c c:/maximsdk/tools/gnutools/10.3/bin/../lib/gcc/arm-none-eabi/10.3.1/../../../../arm-none-eabi/lib/thumb/v7e-m+fp/softfp\libc.a(lib_a-memcpy.o)
 .ARM.attributes
                0x0000043d       0x32 c:/maximsdk/tools/gnutools/10.3/bin/../lib/gcc/arm-none-eabi/10.3.1/../../../../arm-none-eabi/lib/thumb/v7e-m+fp/softfp\libc.a(lib_a-memset.o)
 .ARM.attributes
                0x0000046f       0x32 c:/maximsdk/tools/gnutools/10.3/bin/../lib/gcc/arm-none-eabi/10.3.1/../../../../arm-none-eabi/lib/thumb/v7e-m+fp/softfp\libc.a(lib_a-printf.o)
 .ARM.attributes
                0x000004a1       0x32 c:/maximsdk/tools/gnutools/10.3/bin/../lib/gcc/arm-none-eabi/10.3.1/../../../../arm-none-eabi/lib/thumb/v7e-m+fp/softfp\libc.a(lib_a-puts.o)
 .ARM.attributes
                0x000004d3       0x1c c:/maximsdk/tools/gnutools/10.3/bin/../lib/gcc/arm-none-eabi/10.3.1/../../../../arm-none-eabi/lib/thumb/v7e-m+fp/softfp\libc.a(lib_a-strlen.o)
 .ARM.attributes
                0x000004ef       0x32 c:/maximsdk/tools/gnutools/10.3/bin/../lib/gcc/arm-none-eabi/10.3.1/../../../../arm-none-eabi/lib/thumb/v7e-m+fp/softfp\libc.a(lib_a-vfprintf.o)
 .ARM.attributes
                0x00000521       0x32 c:/maximsdk/tools/gnutools/10.3/bin/../lib/gcc/arm-none-eabi/10.3.1/../../../../arm-none-eabi/lib/thumb/v7e-m+fp/softfp\libc.a(lib_a-wsetup.o)
 .ARM.attributes
                0x00000553       0x32 c:/maximsdk/tools/gnutools/10.3/bin/../lib/gcc/arm-none-eabi/10.3.1/../../../../arm-none-eabi/lib/thumb/v7e-m+fp/softfp\libc.a(lib_a-__call_atexit.o)
 .ARM.attributes
                0x00000585       0x32 c:/maximsdk/tools/gnutools/10.3/bin/../lib/gcc/arm-none-eabi/10.3.1/../../../../arm-none-eabi/lib/thumb/v7e-m+fp/softfp\libc.a(lib_a-atexit.o)
 .ARM.attributes
                0x000005b7       0x32 c:/maximsdk/tools/gnutools/10.3/bin/../lib/gcc/arm-none-eabi/10.3.1/../../../../arm-none-eabi/lib/thumb/v7e-m+fp/softfp\libc.a(lib_a-dtoa.o)
 .ARM.attributes
                0x000005e9       0x32 c:/maximsdk/tools/gnutools/10.3/bin/../lib/gcc/arm-none-eabi/10.3.1/../../../../arm-none-eabi/lib/thumb/v7e-m+fp/softfp\libc.a(lib_a-fflush.o)
 .ARM.attributes
                0x0000061b       0x32 c:/maximsdk/tools/gnutools/10.3/bin/../lib/gcc/arm-none-eabi/10.3.1/../../../../arm-none-eabi/lib/thumb/v7e-m+fp/softfp\libc.a(lib_a-findfp.o)
 .ARM.attributes
                0x0000064d       0x32 c:/maximsdk/tools/gnutools/10.3/bin/../lib/gcc/arm-none-eabi/10.3.1/../../../../arm-none-eabi/lib/thumb/v7e-m+fp/softfp\libc.a(lib_a-fini.o)
 .ARM.attributes
                0x0000067f       0x32 c:/maximsdk/tools/gnutools/10.3/bin/../lib/gcc/arm-none-eabi/10.3.1/../../../../arm-none-eabi/lib/thumb/v7e-m+fp/softfp\libc.a(lib_a-freer.o)
 .ARM.attributes
                0x000006b1       0x32 c:/maximsdk/tools/gnutools/10.3/bin/../lib/gcc/arm-none-eabi/10.3.1/../../../../arm-none-eabi/lib/thumb/v7e-m+fp/softfp\libc.a(lib_a-fvwrite.o)
 .ARM.attributes
                0x000006e3       0x32 c:/maximsdk/tools/gnutools/10.3/bin/../lib/gcc/arm-none-eabi/10.3.1/../../../../arm-none-eabi/lib/thumb/v7e-m+fp/softfp\libc.a(lib_a-fwalk.o)
 .ARM.attributes
                0x00000715       0x32 c:/maximsdk/tools/gnutools/10.3/bin/../lib/gcc/arm-none-eabi/10.3.1/../../../../arm-none-eabi/lib/thumb/v7e-m+fp/softfp\libc.a(lib_a-localeconv.o)
 .ARM.attributes
                0x00000747       0x32 c:/maximsdk/tools/gnutools/10.3/bin/../lib/gcc/arm-none-eabi/10.3.1/../../../../arm-none-eabi/lib/thumb/v7e-m+fp/softfp\libc.a(lib_a-lock.o)
 .ARM.attributes
                0x00000779       0x32 c:/maximsdk/tools/gnutools/10.3/bin/../lib/gcc/arm-none-eabi/10.3.1/../../../../arm-none-eabi/lib/thumb/v7e-m+fp/softfp\libc.a(lib_a-makebuf.o)
 .ARM.attributes
                0x000007ab       0x32 c:/maximsdk/tools/gnutools/10.3/bin/../lib/gcc/arm-none-eabi/10.3.1/../../../../arm-none-eabi/lib/thumb/v7e-m+fp/softfp\libc.a(lib_a-mallocr.o)
 .ARM.attributes
                0x000007dd       0x1c c:/maximsdk/tools/gnutools/10.3/bin/../lib/gcc/arm-none-eabi/10.3.1/../../../../arm-none-eabi/lib/thumb/v7e-m+fp/softfp\libc.a(lib_a-memchr.o)
 .ARM.attributes
                0x000007f9       0x32 c:/maximsdk/tools/gnutools/10.3/bin/../lib/gcc/arm-none-eabi/10.3.1/../../../../arm-none-eabi/lib/thumb/v7e-m+fp/softfp\libc.a(lib_a-memmove.o)
 .ARM.attributes
                0x0000082b       0x32 c:/maximsdk/tools/gnutools/10.3/bin/../lib/gcc/arm-none-eabi/10.3.1/../../../../arm-none-eabi/lib/thumb/v7e-m+fp/softfp\libc.a(lib_a-mlock.o)
 .ARM.attributes
                0x0000085d       0x32 c:/maximsdk/tools/gnutools/10.3/bin/../lib/gcc/arm-none-eabi/10.3.1/../../../../arm-none-eabi/lib/thumb/v7e-m+fp/softfp\libc.a(lib_a-mprec.o)
 .ARM.attributes
                0x0000088f       0x32 c:/maximsdk/tools/gnutools/10.3/bin/../lib/gcc/arm-none-eabi/10.3.1/../../../../arm-none-eabi/lib/thumb/v7e-m+fp/softfp\libc.a(lib_a-reallocr.o)
 .ARM.attributes
                0x000008c1       0x32 c:/maximsdk/tools/gnutools/10.3/bin/../lib/gcc/arm-none-eabi/10.3.1/../../../../arm-none-eabi/lib/thumb/v7e-m+fp/softfp\libc.a(lib_a-s_frexp.o)
 .ARM.attributes
                0x000008f3       0x32 c:/maximsdk/tools/gnutools/10.3/bin/../lib/gcc/arm-none-eabi/10.3.1/../../../../arm-none-eabi/lib/thumb/v7e-m+fp/softfp\libc.a(lib_a-sbrkr.o)
 .ARM.attributes
                0x00000925       0x32 c:/maximsdk/tools/gnutools/10.3/bin/../lib/gcc/arm-none-eabi/10.3.1/../../../../arm-none-eabi/lib/thumb/v7e-m+fp/softfp\libc.a(lib_a-stdio.o)
 .ARM.attributes
                0x00000957       0x32 c:/maximsdk/tools/gnutools/10.3/bin/../lib/gcc/arm-none-eabi/10.3.1/../../../../arm-none-eabi/lib/thumb/v7e-m+fp/softfp\libc.a(lib_a-strncpy.o)
 .ARM.attributes
                0x00000989       0x32 c:/maximsdk/tools/gnutools/10.3/bin/../lib/gcc/arm-none-eabi/10.3.1/../../../../arm-none-eabi/lib/thumb/v7e-m+fp/softfp\libc.a(lib_a-vfiprintf.o)
 .ARM.attributes
                0x000009bb       0x32 c:/maximsdk/tools/gnutools/10.3/bin/../lib/gcc/arm-none-eabi/10.3.1/../../../../arm-none-eabi/lib/thumb/v7e-m+fp/softfp\libc.a(lib_a-writer.o)
 .ARM.attributes
                0x000009ed       0x32 c:/maximsdk/tools/gnutools/10.3/bin/../lib/gcc/arm-none-eabi/10.3.1/../../../../arm-none-eabi/lib/thumb/v7e-m+fp/softfp\libc.a(lib_a-__atexit.o)
 .ARM.attributes
                0x00000a1f       0x32 c:/maximsdk/tools/gnutools/10.3/bin/../lib/gcc/arm-none-eabi/10.3.1/../../../../arm-none-eabi/lib/thumb/v7e-m+fp/softfp\libc.a(lib_a-assert.o)
 .ARM.attributes
                0x00000a51       0x32 c:/maximsdk/tools/gnutools/10.3/bin/../lib/gcc/arm-none-eabi/10.3.1/../../../../arm-none-eabi/lib/thumb/v7e-m+fp/softfp\libc.a(lib_a-callocr.o)
 .ARM.attributes
                0x00000a83       0x32 c:/maximsdk/tools/gnutools/10.3/bin/../lib/gcc/arm-none-eabi/10.3.1/../../../../arm-none-eabi/lib/thumb/v7e-m+fp/softfp\libc.a(lib_a-closer.o)
 .ARM.attributes
                0x00000ab5       0x32 c:/maximsdk/tools/gnutools/10.3/bin/../lib/gcc/arm-none-eabi/10.3.1/../../../../arm-none-eabi/lib/thumb/v7e-m+fp/softfp\libc.a(lib_a-fclose.o)
 .ARM.attributes
                0x00000ae7       0x32 c:/maximsdk/tools/gnutools/10.3/bin/../lib/gcc/arm-none-eabi/10.3.1/../../../../arm-none-eabi/lib/thumb/v7e-m+fp/softfp\libc.a(lib_a-fiprintf.o)
 .ARM.attributes
                0x00000b19       0x32 c:/maximsdk/tools/gnutools/10.3/bin/../lib/gcc/arm-none-eabi/10.3.1/../../../../arm-none-eabi/lib/thumb/v7e-m+fp/softfp\libc.a(lib_a-fputwc.o)
 .ARM.attributes
                0x00000b4b       0x32 c:/maximsdk/tools/gnutools/10.3/bin/../lib/gcc/arm-none-eabi/10.3.1/../../../../arm-none-eabi/lib/thumb/v7e-m+fp/softfp\libc.a(lib_a-fstatr.o)
 .ARM.attributes
                0x00000b7d       0x32 c:/maximsdk/tools/gnutools/10.3/bin/../lib/gcc/arm-none-eabi/10.3.1/../../../../arm-none-eabi/lib/thumb/v7e-m+fp/softfp\libc.a(lib_a-isattyr.o)
 .ARM.attributes
                0x00000baf       0x32 c:/maximsdk/tools/gnutools/10.3/bin/../lib/gcc/arm-none-eabi/10.3.1/../../../../arm-none-eabi/lib/thumb/v7e-m+fp/softfp\libc.a(lib_a-locale.o)
 .ARM.attributes
                0x00000be1       0x32 c:/maximsdk/tools/gnutools/10.3/bin/../lib/gcc/arm-none-eabi/10.3.1/../../../../arm-none-eabi/lib/thumb/v7e-m+fp/softfp\libc.a(lib_a-lseekr.o)
 .ARM.attributes
                0x00000c13       0x32 c:/maximsdk/tools/gnutools/10.3/bin/../lib/gcc/arm-none-eabi/10.3.1/../../../../arm-none-eabi/lib/thumb/v7e-m+fp/softfp\libc.a(lib_a-mbtowc_r.o)
 .ARM.attributes
                0x00000c45       0x32 c:/maximsdk/tools/gnutools/10.3/bin/../lib/gcc/arm-none-eabi/10.3.1/../../../../arm-none-eabi/lib/thumb/v7e-m+fp/softfp\libc.a(lib_a-readr.o)
 .ARM.attributes
                0x00000c77       0x32 c:/maximsdk/tools/gnutools/10.3/bin/../lib/gcc/arm-none-eabi/10.3.1/../../../../arm-none-eabi/lib/thumb/v7e-m+fp/softfp\libc.a(lib_a-reent.o)
 .ARM.attributes
                0x00000ca9       0x32 c:/maximsdk/tools/gnutools/10.3/bin/../lib/gcc/arm-none-eabi/10.3.1/../../../../arm-none-eabi/lib/thumb/v7e-m+fp/softfp\libc.a(lib_a-wbuf.o)
 .ARM.attributes
                0x00000cdb       0x32 c:/maximsdk/tools/gnutools/10.3/bin/../lib/gcc/arm-none-eabi/10.3.1/../../../../arm-none-eabi/lib/thumb/v7e-m+fp/softfp\libc.a(lib_a-wcrtomb.o)
 .ARM.attributes
                0x00000d0d       0x32 c:/maximsdk/tools/gnutools/10.3/bin/../lib/gcc/arm-none-eabi/10.3.1/../../../../arm-none-eabi/lib/thumb/v7e-m+fp/softfp\libc.a(lib_a-wctomb_r.o)
 .ARM.attributes
                0x00000d3f       0x32 c:/maximsdk/tools/gnutools/10.3/bin/../lib/gcc/arm-none-eabi/10.3.1/../../../../arm-none-eabi/lib/thumb/v7e-m+fp/softfp\libc.a(lib_a-abort.o)
 .ARM.attributes
                0x00000d71       0x32 c:/maximsdk/tools/gnutools/10.3/bin/../lib/gcc/arm-none-eabi/10.3.1/../../../../arm-none-eabi/lib/thumb/v7e-m+fp/softfp\libc.a(lib_a-ctype_.o)
 .ARM.attributes
                0x00000da3       0x32 c:/maximsdk/tools/gnutools/10.3/bin/../lib/gcc/arm-none-eabi/10.3.1/../../../../arm-none-eabi/lib/thumb/v7e-m+fp/softfp\libc.a(lib_a-signal.o)
 .ARM.attributes
                0x00000dd5       0x32 c:/maximsdk/tools/gnutools/10.3/bin/../lib/gcc/arm-none-eabi/10.3.1/../../../../arm-none-eabi/lib/thumb/v7e-m+fp/softfp\libc.a(lib_a-signalr.o)
 .ARM.attributes
                0x00000e07       0x32 c:/maximsdk/tools/gnutools/10.3/bin/../lib/gcc/arm-none-eabi/10.3.1/../../../../arm-none-eabi/lib/thumb/v7e-m+fp/softfp\libnosys.a(getpid.o)
 .ARM.attributes
                0x00000e39       0x32 c:/maximsdk/tools/gnutools/10.3/bin/../lib/gcc/arm-none-eabi/10.3.1/../../../../arm-none-eabi/lib/thumb/v7e-m+fp/softfp\libnosys.a(kill.o)
 .ARM.attributes
                0x00000e6b       0x32 c:/maximsdk/tools/gnutools/10.3/bin/../lib/gcc/arm-none-eabi/10.3.1/../../../../arm-none-eabi/lib/thumb/v7e-m+fp/softfp\libnosys.a(_exit.o)
 .ARM.attributes
                0x00000e9d       0x1e c:/maximsdk/tools/gnutools/10.3/bin/../lib/gcc/arm-none-eabi/10.3.1/thumb/v7e-m+fp/softfp\libgcc.a(_arm_addsubdf3.o)
 .ARM.attributes
                0x00000ebb       0x1e c:/maximsdk/tools/gnutools/10.3/bin/../lib/gcc/arm-none-eabi/10.3.1/thumb/v7e-m+fp/softfp\libgcc.a(_arm_muldivdf3.o)
 .ARM.attributes
                0x00000ed9       0x1e c:/maximsdk/tools/gnutools/10.3/bin/../lib/gcc/arm-none-eabi/10.3.1/thumb/v7e-m+fp/softfp\libgcc.a(_arm_cmpdf2.o)
 .ARM.attributes
                0x00000ef7       0x1e c:/maximsdk/tools/gnutools/10.3/bin/../lib/gcc/arm-none-eabi/10.3.1/thumb/v7e-m+fp/softfp\libgcc.a(_arm_unorddf2.o)
 .ARM.attributes
                0x00000f15       0x1e c:/maximsdk/tools/gnutools/10.3/bin/../lib/gcc/arm-none-eabi/10.3.1/thumb/v7e-m+fp/softfp\libgcc.a(_arm_fixdfsi.o)
 .ARM.attributes
                0x00000f33       0x1e c:/maximsdk/tools/gnutools/10.3/bin/../lib/gcc/arm-none-eabi/10.3.1/thumb/v7e-m+fp/softfp\libgcc.a(_aeabi_uldivmod.o)
 .ARM.attributes
                0x00000f51       0x32 c:/maximsdk/tools/gnutools/10.3/bin/../lib/gcc/arm-none-eabi/10.3.1/thumb/v7e-m+fp/softfp\libgcc.a(_udivmoddi4.o)
 .ARM.attributes
                0x00000f83       0x1e c:/maximsdk/tools/gnutools/10.3/bin/../lib/gcc/arm-none-eabi/10.3.1/thumb/v7e-m+fp/softfp\libgcc.a(_dvmd_tls.o)
 .ARM.attributes
                0x00000fa1       0x32 c:/maximsdk/tools/gnutools/10.3/bin/../lib/gcc/arm-none-eabi/10.3.1/thumb/v7e-m+fp/softfp/crtend.o
 .ARM.attributes
                0x00000fd3       0x1e c:/maximsdk/tools/gnutools/10.3/bin/../lib/gcc/arm-none-eabi/10.3.1/thumb/v7e-m+fp/softfp/crtn.o

.comment        0x00000000       0x49
 .comment       0x00000000       0x49 c:/Users/Joseph/Documents/UKDAQ/Unified-Kinematic-DAQ/Dev_board_1/Eclipse/Hello_World/build/main.o
                                 0x4a (size before relaxing)
 .comment       0x00000049       0x4a c:/Users/Joseph/Documents/UKDAQ/Unified-Kinematic-DAQ/Dev_board_1/Eclipse/Hello_World/build/board.o
 .comment       0x00000049       0x4a c:/Users/Joseph/Documents/UKDAQ/Unified-Kinematic-DAQ/Dev_board_1/Eclipse/Hello_World/build/stdio.o
 .comment       0x00000049       0x4a c:/Users/Joseph/Documents/UKDAQ/Unified-Kinematic-DAQ/Dev_board_1/Eclipse/Hello_World/build/led.o
 .comment       0x00000049       0x4a c:/Users/Joseph/Documents/UKDAQ/Unified-Kinematic-DAQ/Dev_board_1/Eclipse/Hello_World/build/pb.o
 .comment       0x00000049       0x4a c:/Users/Joseph/Documents/UKDAQ/Unified-Kinematic-DAQ/Dev_board_1/Eclipse/Hello_World/build/heap.o
 .comment       0x00000049       0x4a c:/Users/Joseph/Documents/UKDAQ/Unified-Kinematic-DAQ/Dev_board_1/Eclipse/Hello_World/build/system_max32660.o
 .comment       0x00000049       0x4a C:/MaximSDK/Libraries/PeriphDrivers/bin/MAX32660/softfp/libPeriphDriver_softfp.a(mxc_delay.o)
 .comment       0x00000049       0x4a C:/MaximSDK/Libraries/PeriphDrivers/bin/MAX32660/softfp/libPeriphDriver_softfp.a(sys_me11.o)
 .comment       0x00000049       0x4a C:/MaximSDK/Libraries/PeriphDrivers/bin/MAX32660/softfp/libPeriphDriver_softfp.a(gpio_me11.o)
 .comment       0x00000049       0x4a C:/MaximSDK/Libraries/PeriphDrivers/bin/MAX32660/softfp/libPeriphDriver_softfp.a(gpio_reva.o)
 .comment       0x00000049       0x4a C:/MaximSDK/Libraries/PeriphDrivers/bin/MAX32660/softfp/libPeriphDriver_softfp.a(uart_me11.o)
 .comment       0x00000049       0x4a C:/MaximSDK/Libraries/PeriphDrivers/bin/MAX32660/softfp/libPeriphDriver_softfp.a(uart_reva.o)
 .comment       0x00000049       0x4a C:/MaximSDK/Libraries/PeriphDrivers/bin/MAX32660/softfp/libPeriphDriver_softfp.a(pins_me11.o)
 .comment       0x00000049       0x4a C:/MaximSDK/Libraries/PeriphDrivers/bin/MAX32660/softfp/libPeriphDriver_softfp.a(gpio_common.o)
 .comment       0x00000049       0x4a C:/MaximSDK/Libraries/PeriphDrivers/bin/MAX32660/softfp/libPeriphDriver_softfp.a(uart_common.o)

.debug_info     0x00000000     0x9868
 .debug_info    0x00000000      0x166 c:/Users/Joseph/Documents/UKDAQ/Unified-Kinematic-DAQ/Dev_board_1/Eclipse/Hello_World/build/main.o
 .debug_info    0x00000166      0x790 c:/Users/Joseph/Documents/UKDAQ/Unified-Kinematic-DAQ/Dev_board_1/Eclipse/Hello_World/build/board.o
 .debug_info    0x000008f6      0x670 c:/Users/Joseph/Documents/UKDAQ/Unified-Kinematic-DAQ/Dev_board_1/Eclipse/Hello_World/build/stdio.o
 .debug_info    0x00000f66      0x592 c:/Users/Joseph/Documents/UKDAQ/Unified-Kinematic-DAQ/Dev_board_1/Eclipse/Hello_World/build/led.o
 .debug_info    0x000014f8      0xbcc c:/Users/Joseph/Documents/UKDAQ/Unified-Kinematic-DAQ/Dev_board_1/Eclipse/Hello_World/build/pb.o
 .debug_info    0x000020c4      0x112 c:/Users/Joseph/Documents/UKDAQ/Unified-Kinematic-DAQ/Dev_board_1/Eclipse/Hello_World/build/heap.o
 .debug_info    0x000021d6      0x6d7 c:/Users/Joseph/Documents/UKDAQ/Unified-Kinematic-DAQ/Dev_board_1/Eclipse/Hello_World/build/system_max32660.o
 .debug_info    0x000028ad      0x37f C:/MaximSDK/Libraries/PeriphDrivers/bin/MAX32660/softfp/libPeriphDriver_softfp.a(mxc_delay.o)
 .debug_info    0x00002c2c      0x66c C:/MaximSDK/Libraries/PeriphDrivers/bin/MAX32660/softfp/libPeriphDriver_softfp.a(sys_me11.o)
 .debug_info    0x00003298      0xf76 C:/MaximSDK/Libraries/PeriphDrivers/bin/MAX32660/softfp/libPeriphDriver_softfp.a(gpio_me11.o)
 .debug_info    0x0000420e      0xa0a C:/MaximSDK/Libraries/PeriphDrivers/bin/MAX32660/softfp/libPeriphDriver_softfp.a(gpio_reva.o)
 .debug_info    0x00004c18     0x1f82 C:/MaximSDK/Libraries/PeriphDrivers/bin/MAX32660/softfp/libPeriphDriver_softfp.a(uart_me11.o)
 .debug_info    0x00006b9a     0x1ec6 C:/MaximSDK/Libraries/PeriphDrivers/bin/MAX32660/softfp/libPeriphDriver_softfp.a(uart_reva.o)
 .debug_info    0x00008a60      0x587 C:/MaximSDK/Libraries/PeriphDrivers/bin/MAX32660/softfp/libPeriphDriver_softfp.a(pins_me11.o)
 .debug_info    0x00008fe7      0x600 C:/MaximSDK/Libraries/PeriphDrivers/bin/MAX32660/softfp/libPeriphDriver_softfp.a(gpio_common.o)
 .debug_info    0x000095e7      0x281 C:/MaximSDK/Libraries/PeriphDrivers/bin/MAX32660/softfp/libPeriphDriver_softfp.a(uart_common.o)

.debug_abbrev   0x00000000     0x1a6e
 .debug_abbrev  0x00000000       0xa7 c:/Users/Joseph/Documents/UKDAQ/Unified-Kinematic-DAQ/Dev_board_1/Eclipse/Hello_World/build/main.o
 .debug_abbrev  0x000000a7      0x1df c:/Users/Joseph/Documents/UKDAQ/Unified-Kinematic-DAQ/Dev_board_1/Eclipse/Hello_World/build/board.o
 .debug_abbrev  0x00000286      0x17e c:/Users/Joseph/Documents/UKDAQ/Unified-Kinematic-DAQ/Dev_board_1/Eclipse/Hello_World/build/stdio.o
 .debug_abbrev  0x00000404      0x182 c:/Users/Joseph/Documents/UKDAQ/Unified-Kinematic-DAQ/Dev_board_1/Eclipse/Hello_World/build/led.o
 .debug_abbrev  0x00000586      0x269 c:/Users/Joseph/Documents/UKDAQ/Unified-Kinematic-DAQ/Dev_board_1/Eclipse/Hello_World/build/pb.o
 .debug_abbrev  0x000007ef       0xcd c:/Users/Joseph/Documents/UKDAQ/Unified-Kinematic-DAQ/Dev_board_1/Eclipse/Hello_World/build/heap.o
 .debug_abbrev  0x000008bc      0x202 c:/Users/Joseph/Documents/UKDAQ/Unified-Kinematic-DAQ/Dev_board_1/Eclipse/Hello_World/build/system_max32660.o
 .debug_abbrev  0x00000abe      0x1c0 C:/MaximSDK/Libraries/PeriphDrivers/bin/MAX32660/softfp/libPeriphDriver_softfp.a(mxc_delay.o)
 .debug_abbrev  0x00000c7e      0x1f2 C:/MaximSDK/Libraries/PeriphDrivers/bin/MAX32660/softfp/libPeriphDriver_softfp.a(sys_me11.o)
 .debug_abbrev  0x00000e70      0x1a5 C:/MaximSDK/Libraries/PeriphDrivers/bin/MAX32660/softfp/libPeriphDriver_softfp.a(gpio_me11.o)
 .debug_abbrev  0x00001015      0x155 C:/MaximSDK/Libraries/PeriphDrivers/bin/MAX32660/softfp/libPeriphDriver_softfp.a(gpio_reva.o)
 .debug_abbrev  0x0000116a      0x267 C:/MaximSDK/Libraries/PeriphDrivers/bin/MAX32660/softfp/libPeriphDriver_softfp.a(uart_me11.o)
 .debug_abbrev  0x000013d1      0x2ff C:/MaximSDK/Libraries/PeriphDrivers/bin/MAX32660/softfp/libPeriphDriver_softfp.a(uart_reva.o)
 .debug_abbrev  0x000016d0       0xc1 C:/MaximSDK/Libraries/PeriphDrivers/bin/MAX32660/softfp/libPeriphDriver_softfp.a(pins_me11.o)
 .debug_abbrev  0x00001791      0x1df C:/MaximSDK/Libraries/PeriphDrivers/bin/MAX32660/softfp/libPeriphDriver_softfp.a(gpio_common.o)
 .debug_abbrev  0x00001970       0xfe C:/MaximSDK/Libraries/PeriphDrivers/bin/MAX32660/softfp/libPeriphDriver_softfp.a(uart_common.o)

.debug_loc      0x00000000     0x4817
 .debug_loc     0x00000000       0x30 c:/Users/Joseph/Documents/UKDAQ/Unified-Kinematic-DAQ/Dev_board_1/Eclipse/Hello_World/build/main.o
 .debug_loc     0x00000030       0xe2 c:/Users/Joseph/Documents/UKDAQ/Unified-Kinematic-DAQ/Dev_board_1/Eclipse/Hello_World/build/board.o
 .debug_loc     0x00000112      0x2dd c:/Users/Joseph/Documents/UKDAQ/Unified-Kinematic-DAQ/Dev_board_1/Eclipse/Hello_World/build/stdio.o
 .debug_loc     0x000003ef      0x144 c:/Users/Joseph/Documents/UKDAQ/Unified-Kinematic-DAQ/Dev_board_1/Eclipse/Hello_World/build/led.o
 .debug_loc     0x00000533      0x35a c:/Users/Joseph/Documents/UKDAQ/Unified-Kinematic-DAQ/Dev_board_1/Eclipse/Hello_World/build/pb.o
 .debug_loc     0x0000088d       0x71 c:/Users/Joseph/Documents/UKDAQ/Unified-Kinematic-DAQ/Dev_board_1/Eclipse/Hello_World/build/heap.o
 .debug_loc     0x000008fe       0x8d c:/Users/Joseph/Documents/UKDAQ/Unified-Kinematic-DAQ/Dev_board_1/Eclipse/Hello_World/build/system_max32660.o
 .debug_loc     0x0000098b      0x1fc C:/MaximSDK/Libraries/PeriphDrivers/bin/MAX32660/softfp/libPeriphDriver_softfp.a(mxc_delay.o)
 .debug_loc     0x00000b87      0x40a C:/MaximSDK/Libraries/PeriphDrivers/bin/MAX32660/softfp/libPeriphDriver_softfp.a(sys_me11.o)
 .debug_loc     0x00000f91      0x626 C:/MaximSDK/Libraries/PeriphDrivers/bin/MAX32660/softfp/libPeriphDriver_softfp.a(gpio_me11.o)
 .debug_loc     0x000015b7      0x39e C:/MaximSDK/Libraries/PeriphDrivers/bin/MAX32660/softfp/libPeriphDriver_softfp.a(gpio_reva.o)
 .debug_loc     0x00001955      0xe65 C:/MaximSDK/Libraries/PeriphDrivers/bin/MAX32660/softfp/libPeriphDriver_softfp.a(uart_me11.o)
 .debug_loc     0x000027ba     0x1e5c C:/MaximSDK/Libraries/PeriphDrivers/bin/MAX32660/softfp/libPeriphDriver_softfp.a(uart_reva.o)
 .debug_loc     0x00004616      0x198 C:/MaximSDK/Libraries/PeriphDrivers/bin/MAX32660/softfp/libPeriphDriver_softfp.a(gpio_common.o)
 .debug_loc     0x000047ae       0x69 C:/MaximSDK/Libraries/PeriphDrivers/bin/MAX32660/softfp/libPeriphDriver_softfp.a(uart_common.o)

.debug_aranges  0x00000000      0x790
 .debug_aranges
                0x00000000       0x20 c:/Users/Joseph/Documents/UKDAQ/Unified-Kinematic-DAQ/Dev_board_1/Eclipse/Hello_World/build/main.o
 .debug_aranges
                0x00000020       0x48 c:/Users/Joseph/Documents/UKDAQ/Unified-Kinematic-DAQ/Dev_board_1/Eclipse/Hello_World/build/board.o
 .debug_aranges
                0x00000068       0x50 c:/Users/Joseph/Documents/UKDAQ/Unified-Kinematic-DAQ/Dev_board_1/Eclipse/Hello_World/build/stdio.o
 .debug_aranges
                0x000000b8       0x38 c:/Users/Joseph/Documents/UKDAQ/Unified-Kinematic-DAQ/Dev_board_1/Eclipse/Hello_World/build/led.o
 .debug_aranges
                0x000000f0       0x58 c:/Users/Joseph/Documents/UKDAQ/Unified-Kinematic-DAQ/Dev_board_1/Eclipse/Hello_World/build/pb.o
 .debug_aranges
                0x00000148       0x20 c:/Users/Joseph/Documents/UKDAQ/Unified-Kinematic-DAQ/Dev_board_1/Eclipse/Hello_World/build/heap.o
 .debug_aranges
                0x00000168       0x38 c:/Users/Joseph/Documents/UKDAQ/Unified-Kinematic-DAQ/Dev_board_1/Eclipse/Hello_World/build/system_max32660.o
 .debug_aranges
                0x000001a0       0x50 C:/MaximSDK/Libraries/PeriphDrivers/bin/MAX32660/softfp/libPeriphDriver_softfp.a(mxc_delay.o)
 .debug_aranges
                0x000001f0       0x70 C:/MaximSDK/Libraries/PeriphDrivers/bin/MAX32660/softfp/libPeriphDriver_softfp.a(sys_me11.o)
 .debug_aranges
                0x00000260       0xc0 C:/MaximSDK/Libraries/PeriphDrivers/bin/MAX32660/softfp/libPeriphDriver_softfp.a(gpio_me11.o)
 .debug_aranges
                0x00000320       0x98 C:/MaximSDK/Libraries/PeriphDrivers/bin/MAX32660/softfp/libPeriphDriver_softfp.a(gpio_reva.o)
 .debug_aranges
                0x000003b8      0x1c8 C:/MaximSDK/Libraries/PeriphDrivers/bin/MAX32660/softfp/libPeriphDriver_softfp.a(uart_me11.o)
 .debug_aranges
                0x00000580      0x1a0 C:/MaximSDK/Libraries/PeriphDrivers/bin/MAX32660/softfp/libPeriphDriver_softfp.a(uart_reva.o)
 .debug_aranges
                0x00000720       0x18 C:/MaximSDK/Libraries/PeriphDrivers/bin/MAX32660/softfp/libPeriphDriver_softfp.a(pins_me11.o)
 .debug_aranges
                0x00000738       0x30 C:/MaximSDK/Libraries/PeriphDrivers/bin/MAX32660/softfp/libPeriphDriver_softfp.a(gpio_common.o)
 .debug_aranges
                0x00000768       0x28 C:/MaximSDK/Libraries/PeriphDrivers/bin/MAX32660/softfp/libPeriphDriver_softfp.a(uart_common.o)

.debug_ranges   0x00000000      0x6c0
 .debug_ranges  0x00000000       0x10 c:/Users/Joseph/Documents/UKDAQ/Unified-Kinematic-DAQ/Dev_board_1/Eclipse/Hello_World/build/main.o
 .debug_ranges  0x00000010       0x38 c:/Users/Joseph/Documents/UKDAQ/Unified-Kinematic-DAQ/Dev_board_1/Eclipse/Hello_World/build/board.o
 .debug_ranges  0x00000048       0x40 c:/Users/Joseph/Documents/UKDAQ/Unified-Kinematic-DAQ/Dev_board_1/Eclipse/Hello_World/build/stdio.o
 .debug_ranges  0x00000088       0x28 c:/Users/Joseph/Documents/UKDAQ/Unified-Kinematic-DAQ/Dev_board_1/Eclipse/Hello_World/build/led.o
 .debug_ranges  0x000000b0       0x48 c:/Users/Joseph/Documents/UKDAQ/Unified-Kinematic-DAQ/Dev_board_1/Eclipse/Hello_World/build/pb.o
 .debug_ranges  0x000000f8       0x10 c:/Users/Joseph/Documents/UKDAQ/Unified-Kinematic-DAQ/Dev_board_1/Eclipse/Hello_World/build/heap.o
 .debug_ranges  0x00000108       0x28 c:/Users/Joseph/Documents/UKDAQ/Unified-Kinematic-DAQ/Dev_board_1/Eclipse/Hello_World/build/system_max32660.o
 .debug_ranges  0x00000130       0x40 C:/MaximSDK/Libraries/PeriphDrivers/bin/MAX32660/softfp/libPeriphDriver_softfp.a(mxc_delay.o)
 .debug_ranges  0x00000170       0x60 C:/MaximSDK/Libraries/PeriphDrivers/bin/MAX32660/softfp/libPeriphDriver_softfp.a(sys_me11.o)
 .debug_ranges  0x000001d0       0xb0 C:/MaximSDK/Libraries/PeriphDrivers/bin/MAX32660/softfp/libPeriphDriver_softfp.a(gpio_me11.o)
 .debug_ranges  0x00000280       0x88 C:/MaximSDK/Libraries/PeriphDrivers/bin/MAX32660/softfp/libPeriphDriver_softfp.a(gpio_reva.o)
 .debug_ranges  0x00000308      0x1b8 C:/MaximSDK/Libraries/PeriphDrivers/bin/MAX32660/softfp/libPeriphDriver_softfp.a(uart_me11.o)